Microchip Technology Inc, vàƒ“

Tool Name:
  c:\program files (x86)\microchip\xc16\v1.21\bin\bin\..\bin/elf-ld.exe

Command:
  -p30F4013 \
  -o \
  dist/default/production/Quadcopter.X.production.elf \
  -Lc:/program files (x86)/microchip/xc16/v1.21/bin/bin/.. \
  -Lc:/program files (x86)/microchip/xc16/v1.21/bin/bin/../../lib \
  -Lc:/program files (x86)/microchip/xc16/v1.21/bin/bin/../../lib/PIC24E \
  -Lc:/program files (x86)/microchip/xc16/v1.21/bin/bin/../../support/PIC24E/gld \
  -Lc:/program files (x86)/microchip/xc16/v1.21/bin/bin/../../lib/PIC24F \
  -Lc:/program files (x86)/microchip/xc16/v1.21/bin/bin/../../support/PIC24F/gld \
  -Lc:/program files (x86)/microchip/xc16/v1.21/bin/bin/../../lib/PIC24H \
  -Lc:/program files (x86)/microchip/xc16/v1.21/bin/bin/../../support/PIC24H/gld \
  -Lc:/program files (x86)/microchip/xc16/v1.21/bin/bin/../../lib/dsPIC30F \
  -Lc:/program files (x86)/microchip/xc16/v1.21/bin/bin/../../support/dsPIC30F/gld \
  -Lc:/program files (x86)/microchip/xc16/v1.21/bin/bin/../../lib/dsPIC33E \
  -Lc:/program files (x86)/microchip/xc16/v1.21/bin/bin/../../support/dsPIC33E/gld \
  -Lc:/program files (x86)/microchip/xc16/v1.21/bin/bin/../../lib/dsPIC33F \
  -Lc:/program files (x86)/microchip/xc16/v1.21/bin/bin/../../support/dsPIC33F/gld \
  build/default/production/CB_Inicializaciones.o \
  build/default/production/CB_Timer1.o \
  build/default/production/CB_Timer2.o \
  build/default/production/CB_Timer3.o \
  build/default/production/CB_Timer5.o \
  build/default/production/Pruebas.o \
  build/default/production/main.o \
  build/default/production/CA_funciones_control.o \
  build/default/production/CA_SetGetMPU6050.o \
  build/default/production/CB_Bluetooth.o \
  build/default/production/CB_I2C.o \
  --defsym=__MPLAB_BUILD=1 \
  -Tp30F4013.gld.00 \
  --stack=16 \
  --check-sections \
  --data-init \
  --pack-data \
  --handles \
  --isr \
  --no-gc-sections \
  --fill-upper=0 \
  --stackguard=16 \
  --no-force-link \
  --smart-io \
  -Map=dist/default/production/Quadcopter.X.production.map \
  --report-mem \
  -start-group \
  --library=fx-elf \
  --library=pic30-elf \
  --library=m-elf \
  --library=c-elf \
  -end-group \

Archive member included because of file (symbol)

c:/program files (x86)/microchip/xc16/v1.21/bin/bin/../../lib/dsPIC30F\libp30F4013-elf.a(IdleI2C.o)
                              build/default/production/Pruebas.o (_IdleI2C)
c:/program files (x86)/microchip/xc16/v1.21/bin/bin/../../lib/dsPIC30F\libp30F4013-elf.a(NotAckI2C.o)
                              build/default/production/Pruebas.o (_NotAckI2C)
c:/program files (x86)/microchip/xc16/v1.21/bin/bin/../../lib/dsPIC30F\libp30F4013-elf.a(StartI2C.o)
                              build/default/production/Pruebas.o (_StartI2C)
c:/program files (x86)/microchip/xc16/v1.21/bin/bin/../../lib/dsPIC30F\libp30F4013-elf.a(StopI2C.o)
                              build/default/production/Pruebas.o (_StopI2C)
c:/program files (x86)/microchip/xc16/v1.21/bin/bin/../../lib\libpic30-elf.a(crt0_standard.o)
                              (__resetPRI)
c:/program files (x86)/microchip/xc16/v1.21/bin/bin/../../lib\libpic30-elf.a(data_init_standard.o)
                              c:/program files (x86)/microchip/xc16/v1.21/bin/bin/../../lib\libpic30-elf.a(crt0_standard.o) (__data_init_standard)
c:/program files (x86)/microchip/xc16/v1.21/bin/bin/../../lib\libm-elf.a(addsf3.eo)
                              build/default/production/CA_funciones_control.o (___subsf3)
c:/program files (x86)/microchip/xc16/v1.21/bin/bin/../../lib\libm-elf.a(atan2f.eo)
                              build/default/production/main.o (_atan2f)
c:/program files (x86)/microchip/xc16/v1.21/bin/bin/../../lib\libm-elf.a(atanf.eo)
                              c:/program files (x86)/microchip/xc16/v1.21/bin/bin/../../lib\libm-elf.a(atan2f.eo) (_atanf)
c:/program files (x86)/microchip/xc16/v1.21/bin/bin/../../lib\libm-elf.a(divsf3.eo)
                              build/default/production/main.o (___divsf3)
c:/program files (x86)/microchip/xc16/v1.21/bin/bin/../../lib\libm-elf.a(divsi3.eo)
                              build/default/production/Pruebas.o (___divsi3)
c:/program files (x86)/microchip/xc16/v1.21/bin/bin/../../lib\libm-elf.a(errno.eo)
                              c:/program files (x86)/microchip/xc16/v1.21/bin/bin/../../lib\libm-elf.a(atan2f.eo) (_errno)
c:/program files (x86)/microchip/xc16/v1.21/bin/bin/../../lib\libm-elf.a(feqltle.eo)
                              build/default/production/CA_funciones_control.o (___ltsf2)
c:/program files (x86)/microchip/xc16/v1.21/bin/bin/../../lib\libm-elf.a(fgtge.eo)
                              build/default/production/CA_funciones_control.o (___gtsf2)
c:/program files (x86)/microchip/xc16/v1.21/bin/bin/../../lib\libm-elf.a(fixsfsi.eo)
                              build/default/production/main.o (_(float, int, long long, short, float, short, int))
[...]
Memory Configuration

Name             Origin             Length             Attributes
data             0x000800           0x000800           a !xr
reset            0x000000           0x000004  
ivt              0x000004           0x00007c  
_reserved        0x000080           0x000004  
aivt             0x000084           0x00007c  
program          0x000100           0x007efe           xr
eedata           0x7ffc00           0x000400  
FUID0            0x8005c0           0x000002  
FUID1            0x8005c2           0x000002  
FUID2            0x8005c4           0x000002  
FUID3            0x8005c6           0x000002  
FOSC             0xf80000           0x000002  
FWDT             0xf80002           0x000002  
FBORPOR          0xf80004           0x000002  
RESERVED1        0xf80006           0x000002  
RESERVED2        0xf80008           0x000002  
FGS              0xf8000a           0x000002  
FICD             0xf8000c           0x000002  
*default*        0x000000           0xffffffff  

Linker script and memory map

LOAD build/default/production/CB_Inicializaciones.o
LOAD build/default/production/CB_Timer1.o
LOAD build/default/production/CB_Timer2.o
LOAD build/default/production/CB_Timer3.o
LOAD build/default/production/CB_Timer5.o
LOAD build/default/production/Pruebas.o
LOAD build/default/production/main.o
LOAD build/default/production/CA_funciones_control.o
LOAD build/default/production/CA_SetGetMPU6050.o
LOAD build/default/production/CB_Bluetooth.o
LOAD build/default/production/CB_I2C.o
                    0x0001                  __MPLAB_BUILD = 0x1
LOAD c:/program files (x86)/microchip/xc16/v1.21/bin/bin/../../lib/dsPIC30F\libp30F4013-elf.a
                    0x8005c0                  __FUID0 = 0x8005c0
                    0x8005c2                  __FUID1 = 0x8005c2
                    0x8005c4                  __FUID2 = 0x8005c4
                    0x8005c6                  __FUID3 = 0x8005c6
                    0xf80000                  __FOSC = 0xf80000
                    0xf80002                  __FWDT = 0xf80002
                    0xf80004                  __FBORPOR = 0xf80004
                    0xf80006                  __RESERVED1 = 0xf80006
                    0xf80008                  __RESERVED2 = 0xf80008
                    0xf8000a                  __FGS = 0xf8000a
                    0xf8000c                  __FICD = 0xf8000c
                    0x0001                  __NO_HANDLES = 0x1
                    0x0004                  __IVT_BASE = 0x4
                    0x0084                  __AIVT_BASE = 0x84
                    0x0800                  __DATA_BASE = 0x800
                    0x0800                  __DATA_LENGTH = 0x800
                    0x0c00                  __YDATA_BASE = 0xc00
                    0x0100                  __CODE_BASE = 0x100
                    0x7f00                  __CODE_LENGTH = 0x7f00

.reset            0x000000          0x4
                  0x000000          0x2 SHORT 0x100 ABSOLUTE (__reset)
                  0x000001          0x2 SHORT 0x4
                  0x000002          0x2 SHORT 0x0 ((ABSOLUTE (__reset) >> 0x10) & 0x7f)
                  0x000003          0x2 SHORT 0x0

.text             0x000100        0x66e
 *(.init)
 .init            0x000100         0x36 c:/program files (x86)/microchip/xc16/v1.21/bin/bin/../../lib\libpic30-elf.a(crt0_standard.o)
                  0x000100                  __resetPRI
                  0x000100                  __reset
                  0x000126                  __psv_init
 .init            0x000136         0x5e c:/program files (x86)/microchip/xc16/v1.21/bin/bin/../../lib\libpic30-elf.a(data_init_standard.o)
                  0x000136                  __data_init_standard
                  0x000136                  __data_init
 *(.user_init)
 *(.handle)
 *(.isr*)
 .isr.text        0x000194          0x8 build/default/production/CB_Timer5.o
                  0x000194                  __T5Interrupt
 .isr             0x00019c          0x4 default_isr
                  0x00019c                  __DefaultInterrupt
 *(.libc)
 *(.libm)
 *(.libdsp)
 *(.lib*)
 .libperi         0x0001a0         0x1c c:/program files (x86)/microchip/xc16/v1.21/bin/bin/../../lib/dsPIC30F\libp30F4013-elf.a(IdleI2C.o)
                  0x0001a0                  _IdleI2C
 .libperi         0x0001bc          0x6 c:/program files (x86)/microchip/xc16/v1.21/bin/bin/../../lib/dsPIC30F\libp30F4013-elf.a(NotAckI2C.o)
                  0x0001bc                  _NotAckI2C
 .libperi         0x0001c2          0x4 c:/program files (x86)/microchip/xc16/v1.21/bin/bin/../../lib/dsPIC30F\libp30F4013-elf.a(StartI2C.o)
                  0x0001c2                  _StartI2C
 .libperi         0x0001c6          0x4 c:/program files (x86)/microchip/xc16/v1.21/bin/bin/../../lib/dsPIC30F\libp30F4013-elf.a(StopI2C.o)
                  0x0001c6                  _StopI2C
 .libm.subsf3     0x0001ca         0xbc c:/program files (x86)/microchip/xc16/v1.21/bin/bin/../../lib\libm-elf.a(addsf3.eo)
                  0x0001ca                  ___subsf3
                  0x0001cc                  ___addsf3
 .libm.atanf      0x000286         0x3a c:/program files (x86)/microchip/xc16/v1.21/bin/bin/../../lib\libm-elf.a(atan2f.eo)
                  0x000286                  _atan2f
 .libm.atanf      0x0002c0         0xca c:/program files (x86)/microchip/xc16/v1.21/bin/bin/../../lib\libm-elf.a(atanf.eo)
                  0x0002c0                  _atanf
 .libm.divfs3     0x00038a         0x84 c:/program files (x86)/microchip/xc16/v1.21/bin/bin/../../lib\libm-elf.a(divsf3.eo)
                  0x00038a                  ___divsf3
 .libm.divsi3     0x00040e         0x1e c:/program files (x86)/microchip/xc16/v1.21/bin/bin/../../lib\libm-elf.a(divsi3.eo)
                  0x00040e                  ___divsi3
 .libm.eqsf2      0x00042c          0x4 c:/program files (x86)/microchip/xc16/v1.21/bin/bin/../../lib\libm-elf.a(feqltle.eo)
                  0x00042c                  ___eqsf2
                  0x00042c                  ___ltsf2
                  0x00042c                  ___lesf2
 .libm.gtsf2      0x000430          0x4 c:/program files (x86)/microchip/xc16/v1.21/bin/bin/../../lib\libm-elf.a(fgtge.eo)
                  0x000430                  ___gesf2
                  0x000430                  ___gtsf2
 .libm.fixsfsi    0x000434         0x42 c:/program files (x86)/microchip/xc16/v1.21/bin/bin/../../lib\libm-elf.a(fixsfsi.eo)
                  0x000434                  _(float, int, long long, short, float, short, int)
 .libm.fixunssfsi
                  0x000476         0x36 c:/program files (x86)/microchip/xc16/v1.21/bin/bin/../../lib\libm-elf.a(fixunssfsi.eo)
                  0x000476                  ___fixunssfsi
 .libm.floatsisf
                  0x0004ac          0x6 c:/program files (x86)/microchip/xc16/v1.21/bin/bin/../../lib\libm-elf.a(floatsisf.eo)
                  0x0004ac                  ___floatsisf
 .libm.fpack      0x0004b2         0x4c c:/program files (x86)/microchip/xc16/v1.21/bin/bin/../../lib\libm-elf.a(fpack.eo)
                  0x0004b2                  __fpack
 .libm.funpack    0x0004fe         0x2a c:/program files (x86)/microchip/xc16/v1.21/bin/bin/../../lib\libm-elf.a(funpack.eo)
                  0x0004fe                  __funpack
 .libm.funpack2
                  0x000528         0x10 c:/program files (x86)/microchip/xc16/v1.21/bin/bin/../../lib\libm-elf.a(funpack2.eo)
                  0x000528                  __funpack2
 .libm.fPropagateNaN
                  0x000538         0x12 c:/program files (x86)/microchip/xc16/v1.21/bin/bin/../../lib\libm-elf.a(futil.eo)
                  0x000538                  __fPropagateNaN
 .libm.fbobExit
                  0x00054a          0x8 c:/program files (x86)/microchip/xc16/v1.21/bin/bin/../../lib\libm-elf.a(futil.eo)
                  0x00054a                  __fbopExit
 .libm.fbopReturnNaN
                  0x000552          0x6 c:/program files (x86)/microchip/xc16/v1.21/bin/bin/../../lib\libm-elf.a(futil.eo)
                  0x000552                  __fbopReturnNaN
 .libm.modsi3     0x000558         0x1e c:/program files (x86)/microchip/xc16/v1.21/bin/bin/../../lib\libm-elf.a(modsi3.eo)
                  0x000558                  ___modsi3
 .libm.mulsf3     0x000576         0x68 c:/program files (x86)/microchip/xc16/v1.21/bin/bin/../../lib\libm-elf.a(mulsf3.eo)
                  0x000576                  ___mulsf3
 .libm.udivsi3    0x0005de         0x20 c:/program files (x86)/microchip/xc16/v1.21/bin/bin/../../lib\libm-elf.a(udivsi3.eo)
                  0x0005de                  ___udivsi3
 .libm.umodsi3    0x0005fe          0x6 c:/program files (x86)/microchip/xc16/v1.21/bin/bin/../../lib\libm-elf.a(umodsi3.eo)
                  0x0005fe                  ___umodsi3
 .libm.fcompare
                  0x000604         0x36 c:/program files (x86)/microchip/xc16/v1.21/bin/bin/../../lib\libm-elf.a(fcompare.eo)
                  0x000604                  __fcompare
 .libm.floatdisf
                  0x00063a         0x20 c:/program files (x86)/microchip/xc16/v1.21/bin/bin/../../lib\libm-elf.a(floatdisf.eo)
                  0x00063a                  ___floatdisf
 .libm.floatundisf
                  0x00065a         0x5e c:/program files (x86)/microchip/xc16/v1.21/bin/bin/../../lib\libm-elf.a(floatundisf.eo)
                  0x00065a                  ___floatundisf
 .libc.atoi.atoi
                  0x0006b8         0x3e c:/program files (x86)/microchip/xc16/v1.21/bin/bin/../../lib\libc-elf.a(atoi.eo)
                  0x0006b8                  _atoi
 .libc.utoa.utoa
                  0x0006f6         0x34 c:/program files (x86)/microchip/xc16/v1.21/bin/bin/../../lib\libc-elf.a(itoa.eo)
                  0x0006f6                  _utoa
 .libc.itoa.itoa
                  0x00072a         0x1c c:/program files (x86)/microchip/xc16/v1.21/bin/bin/../../lib\libc-elf.a(itoa.eo)
                  0x00072a                  _itoa
 .libc.memcpy.memcpy
                  0x000746          0xe c:/program files (x86)/microchip/xc16/v1.21/bin/bin/../../lib\libc-elf.a(memcpy.eo)
                  0x000746                  _memcpy
 .libc.strcpy.strcpy
                  0x000754          0xc c:/program files (x86)/microchip/xc16/v1.21/bin/bin/../../lib\libc-elf.a(strcpy.eo)
                  0x000754                  _strcpy
 .libc.strlen.strlen
                  0x000760          0xe c:/program files (x86)/microchip/xc16/v1.21/bin/bin/../../lib\libc-elf.a(strlen.eo)
                  0x000760                  _strlen

usercode
 *(usercode)

__FUID0
 *(__FUID0.sec*)

__FUID1
 *(__FUID1.sec*)

__FUID2
 *(__FUID2.sec*)

__FUID3
 *(__FUID3.sec*)

__FOSC            0xf80000          0x2
 *(__FOSC.sec*)
 __FOSC.sec       0xf80000          0x2 build/default/production/main.o

__FWDT            0xf80002          0x2
 *(__FWDT.sec*)
 __FWDT.sec       0xf80002          0x2 build/default/production/main.o

__FBORPOR         0xf80004          0x2
 *(__FBORPOR.sec*)
 __FBORPOR.sec    0xf80004          0x2 build/default/production/main.o

__RESERVED1
 *(__RESERVED1.sec*)

__RESERVED2
 *(__RESERVED2.sec*)

__FGS             0xf8000a          0x2
 *(__FGS.sec*)
 __FGS.sec        0xf8000a          0x2 FGS
                  0xf8000a                  __FGS.sec

__FICD            0xf8000c          0x2
 *(__FICD.sec*)
 __FICD.sec       0xf8000c          0x2 build/default/production/main.o

user_eedata
 *(user_eedata)

userdata
 *(userdata)

.comment
 *(.comment)

.debug_info       0x000000       0x580c
 *(.debug_info)
 .debug_info      0x000000       0x16ec build/default/production/CB_Inicializaciones.o
 .debug_info      0x0016ec        0x605 build/default/production/CB_Timer1.o
 .debug_info      0x001cf1         0xeb build/default/production/CB_Timer2.o
 .debug_info      0x001ddc        0x5f2 build/default/production/CB_Timer3.o
 .debug_info      0x0023ce        0x23c build/default/production/CB_Timer5.o
 .debug_info      0x00260a        0xb0c build/default/production/Pruebas.o
 .debug_info      0x003116        0x6b4 build/default/production/main.o
 .debug_info      0x0037ca        0x7c7 build/default/production/CA_funciones_control.o
 .debug_info      0x003f91        0x508 build/default/production/CA_SetGetMPU6050.o
 .debug_info      0x004499        0x91a build/default/production/CB_Bluetooth.o
 .debug_info      0x004db3        0xa59 build/default/production/CB_I2C.o
 *(.gnu.linkonce.wi.*)

.debug_abbrev     0x000000        0xb1f
 *(.debug_abbrev)
 .debug_abbrev    0x000000        0x1d8 build/default/production/CB_Inicializaciones.o
 .debug_abbrev    0x0001d8         0xde build/default/production/CB_Timer1.o
 .debug_abbrev    0x0002b6         0x43 build/default/production/CB_Timer2.o
 .debug_abbrev    0x0002f9         0xf1 build/default/production/CB_Timer3.o
 .debug_abbrev    0x0003ea         0x7d build/default/production/CB_Timer5.o
 .debug_abbrev    0x000467        0x1c3 build/default/production/Pruebas.o
 .debug_abbrev    0x00062a         0xcd build/default/production/main.o
 .debug_abbrev    0x0006f7        0x106 build/default/production/CA_funciones_control.o
 .debug_abbrev    0x0007fd         0xc3 build/default/production/CA_SetGetMPU6050.o
 .debug_abbrev    0x0008c0        0x148 build/default/production/CB_Bluetooth.o
 .debug_abbrev    0x000a08        0x117 build/default/production/CB_I2C.o

.debug_line       0x000000       0x24b4
 *(.debug_line)
 .debug_line      0x000000        0x57d build/default/production/CB_Inicializaciones.o
 .debug_line      0x00057d        0x144 build/default/production/CB_Timer1.o
 .debug_line      0x0006c1         0x6d build/default/production/CB_Timer2.o
 .debug_line      0x00072e        0x14e build/default/production/CB_Timer3.o
 .debug_line      0x00087c         0xb0 build/default/production/CB_Timer5.o
 .debug_line      0x00092c        0x918 build/default/production/Pruebas.o
 .debug_line      0x001244        0x1c1 build/default/production/main.o
 .debug_line      0x001405        0x371 build/default/production/CA_funciones_control.o
 .debug_line      0x001776        0x3ee build/default/production/CA_SetGetMPU6050.o
 .debug_line      0x001b64        0x455 build/default/production/CB_Bluetooth.o
 .debug_line      0x001fb9        0x4fb build/default/production/CB_I2C.o

.debug_frame      0x000000        0x5dc
 *(.debug_frame)
 .debug_frame     0x000000         0x94 build/default/production/CB_Inicializaciones.o
 .debug_frame     0x000094         0x44 build/default/production/CB_Timer1.o
 .debug_frame     0x0000d8         0x24 build/default/production/CB_Timer2.o
 .debug_frame     0x0000fc         0x54 build/default/production/CB_Timer3.o
 .debug_frame     0x000150         0x24 build/default/production/CB_Timer5.o
 .debug_frame     0x000174         0xf4 build/default/production/Pruebas.o
 .debug_frame     0x000268         0x24 build/default/production/main.o
 .debug_frame     0x00028c         0x74 build/default/production/CA_funciones_control.o
 .debug_frame     0x000300         0xf4 build/default/production/CA_SetGetMPU6050.o
 .debug_frame     0x0003f4         0xe4 build/default/production/CB_Bluetooth.o
 .debug_frame     0x0004d8        0x104 build/default/production/CB_I2C.o

.debug_str        0x000000        0x227
 *(.debug_str)
 .debug_str       0x000000         0xac build/default/production/CB_Inicializaciones.o
 .debug_str       0x0000ac         0x1c build/default/production/CB_Timer1.o
 .debug_str       0x0000c8         0x1c build/default/production/CB_Timer3.o
 .debug_str       0x0000e4          0x9 build/default/production/CB_Timer5.o
 .debug_str       0x0000ed         0x44 build/default/production/Pruebas.o
 .debug_str       0x000131         0x1b build/default/production/main.o
 .debug_str       0x00014c         0x26 build/default/production/CA_funciones_control.o
 .debug_str       0x000172         0x32 build/default/production/CA_SetGetMPU6050.o
 .debug_str       0x0001a4         0x50 build/default/production/CB_Bluetooth.o
 .debug_str       0x0001f4         0x33 build/default/production/CB_I2C.o

.debug_loc
 *(.debug_loc)

.debug_macinfo
 *(.debug_macinfo)

.debug_pubnames
                  0x000000        0x775
 *(.debug_pubnames)
 .debug_pubnames
                  0x000000         0x86 build/default/production/CB_Inicializaciones.o
 .debug_pubnames
                  0x000086         0x41 build/default/production/CB_Timer1.o
 .debug_pubnames
                  0x0000c7         0x20 build/default/production/CB_Timer2.o
 .debug_pubnames
                  0x0000e7         0x53 build/default/production/CB_Timer3.o
 .debug_pubnames
                  0x00013a         0x23 build/default/production/CB_Timer5.o
 .debug_pubnames
                  0x00015d         0xfb build/default/production/Pruebas.o
 .debug_pubnames
                  0x000258        0x14a build/default/production/main.o
 .debug_pubnames
                  0x0003a2         0xd0 build/default/production/CA_funciones_control.o
 .debug_pubnames
                  0x000472         0xbf build/default/production/CA_SetGetMPU6050.o
 .debug_pubnames
                  0x000531        0x13c build/default/production/CB_Bluetooth.o
 .debug_pubnames
                  0x00066d        0x108 build/default/production/CB_I2C.o

.debug_ranges
 *(.debug_ranges)

.debug_aranges    0x000000        0x108
 *(.debug_aranges)
 .debug_aranges
                  0x000000         0x18 build/default/production/CB_Inicializaciones.o
 .debug_aranges
                  0x000018         0x18 build/default/production/CB_Timer1.o
 .debug_aranges
                  0x000030         0x18 build/default/production/CB_Timer2.o
 .debug_aranges
                  0x000048         0x18 build/default/production/CB_Timer3.o
 .debug_aranges
                  0x000060         0x18 build/default/production/CB_Timer5.o
 .debug_aranges
                  0x000078         0x18 build/default/production/Pruebas.o
 .debug_aranges
                  0x000090         0x18 build/default/production/main.o
 .debug_aranges
                  0x0000a8         0x18 build/default/production/CA_funciones_control.o
 .debug_aranges
                  0x0000c0         0x18 build/default/production/CA_SetGetMPU6050.o
 .debug_aranges
                  0x0000d8         0x18 build/default/production/CB_Bluetooth.o
 .debug_aranges
                  0x0000f0         0x18 build/default/production/CB_I2C.o

.ivt              0x000004         0x7c
                  0x000004          0x4 LONG 0x19c DEFINED (__ReservedTrap0)?ABSOLUTE (__ReservedTrap0):ABSOLUTE (__DefaultInterrupt)
                  0x000006          0x4 LONG 0x19c DEFINED (__OscillatorFail)?ABSOLUTE (__OscillatorFail):ABSOLUTE (__DefaultInterrupt)
                  0x000008          0x4 LONG 0x19c DEFINED (__AddressError)?ABSOLUTE (__AddressError):ABSOLUTE (__DefaultInterrupt)
                  0x00000a          0x4 LONG 0x19c DEFINED (__StackError)?ABSOLUTE (__StackError):ABSOLUTE (__DefaultInterrupt)
                  0x00000c          0x4 LONG 0x19c DEFINED (__MathError)?ABSOLUTE (__MathError):ABSOLUTE (__DefaultInterrupt)
                  0x00000e          0x4 LONG 0x19c DEFINED (__ReservedTrap5)?ABSOLUTE (__ReservedTrap5):ABSOLUTE (__DefaultInterrupt)
                  0x000010          0x4 LONG 0x19c DEFINED (__ReservedTrap6)?ABSOLUTE (__ReservedTrap6):ABSOLUTE (__DefaultInterrupt)
                  0x000012          0x4 LONG 0x19c DEFINED (__ReservedTrap7)?ABSOLUTE (__ReservedTrap7):ABSOLUTE (__DefaultInterrupt)
                  0x000014          0x4 LONG 0x19c DEFINED (__INT0Interrupt)?ABSOLUTE (__INT0Interrupt):ABSOLUTE (__DefaultInterrupt)
                  0x000016          0x4 LONG 0x19c DEFINED (__IC1Interrupt)?ABSOLUTE (__IC1Interrupt):ABSOLUTE (__DefaultInterrupt)
                  0x000018          0x4 LONG 0x19c DEFINED (__OC1Interrupt)?ABSOLUTE (__OC1Interrupt):ABSOLUTE (__DefaultInterrupt)
                  0x00001a          0x4 LONG 0x2272 DEFINED (__T1Interrupt)?ABSOLUTE (__T1Interrupt):ABSOLUTE (__DefaultInterrupt)
                  0x00001c          0x4 LONG 0x19c DEFINED (__IC2Interrupt)?ABSOLUTE (__IC2Interrupt):ABSOLUTE (__DefaultInterrupt)
                  0x00001e          0x4 LONG 0x19c DEFINED (__OC2Interrupt)?ABSOLUTE (__OC2Interrupt):ABSOLUTE (__DefaultInterrupt)
                  0x000020          0x4 LONG 0x19c DEFINED (__T2Interrupt)?ABSOLUTE (__T2Interrupt):ABSOLUTE (__DefaultInterrupt)
                  0x000022          0x4 LONG 0x232a DEFINED (__T3Interrupt)?ABSOLUTE (__T3Interrupt):ABSOLUTE (__DefaultInterrupt)
                  0x000024          0x4 LONG 0x19c DEFINED (__SPI1Interrupt)?ABSOLUTE (__SPI1Interrupt):ABSOLUTE (__DefaultInterrupt)
                  0x000026          0x4 LONG 0x19c DEFINED (__U1RXInterrupt)?ABSOLUTE (__U1RXInterrupt):ABSOLUTE (__DefaultInterrupt)
                  0x000028          0x4 LONG 0x19c DEFINED (__U1TXInterrupt)?ABSOLUTE (__U1TXInterrupt):ABSOLUTE (__DefaultInterrupt)
                  0x00002a          0x4 LONG 0x19c DEFINED (__ADCInterrupt)?ABSOLUTE (__ADCInterrupt):ABSOLUTE (__DefaultInterrupt)
                  0x00002c          0x4 LONG 0x19c DEFINED (__NVMInterrupt)?ABSOLUTE (__NVMInterrupt):ABSOLUTE (__DefaultInterrupt)
                  0x00002e          0x4 LONG 0x19c DEFINED (__SI2CInterrupt)?ABSOLUTE (__SI2CInterrupt):ABSOLUTE (__DefaultInterrupt)
                  0x000030          0x4 LONG 0x19c DEFINED (__MI2CInterrupt)?ABSOLUTE (__MI2CInterrupt):ABSOLUTE (__DefaultInterrupt)
                  0x000032          0x4 LONG 0x19c DEFINED (__CNInterrupt)?ABSOLUTE (__CNInterrupt):ABSOLUTE (__DefaultInterrupt)
                  0x000034          0x4 LONG 0x19c DEFINED (__INT1Interrupt)?ABSOLUTE (__INT1Interrupt):ABSOLUTE (__DefaultInterrupt)
                  0x000036          0x4 LONG 0x19c DEFINED (__IC7Interrupt)?ABSOLUTE (__IC7Interrupt):ABSOLUTE (__DefaultInterrupt)
                  0x000038          0x4 LONG 0x19c DEFINED (__IC8Interrupt)?ABSOLUTE (__IC8Interrupt):ABSOLUTE (__DefaultInterrupt)
                  0x00003a          0x4 LONG 0x19c DEFINED (__OC3Interrupt)?ABSOLUTE (__OC3Interrupt):ABSOLUTE (__DefaultInterrupt)
                  0x00003c          0x4 LONG 0x19c DEFINED (__OC4Interrupt)?ABSOLUTE (__OC4Interrupt):ABSOLUTE (__DefaultInterrupt)
                  0x00003e          0x4 LONG 0x19c DEFINED (__T4Interrupt)?ABSOLUTE (__T4Interrupt):ABSOLUTE (__DefaultInterrupt)
                  0x000040          0x4 LONG 0x194 DEFINED (__T5Interrupt)?ABSOLUTE (__T5Interrupt):ABSOLUTE (__DefaultInterrupt)
                  0x000042          0x4 LONG 0x19c DEFINED (__INT2Interrupt)?ABSOLUTE (__INT2Interrupt):ABSOLUTE (__DefaultInterrupt)
                  0x000044          0x4 LONG 0x1794 DEFINED (__U2RXInterrupt)?ABSOLUTE (__U2RXInterrupt):ABSOLUTE (__DefaultInterrupt)
                  0x000046          0x4 LONG 0x19c DEFINED (__U2TXInterrupt)?ABSOLUTE (__U2TXInterrupt):ABSOLUTE (__DefaultInterrupt)
                  0x000048          0x4 LONG 0x19c DEFINED (__SPI2Interrupt)?ABSOLUTE (__SPI2Interrupt):ABSOLUTE (__DefaultInterrupt)
                  0x00004a          0x4 LONG 0x19c DEFINED (__C1Interrupt)?ABSOLUTE (__C1Interrupt):ABSOLUTE (__DefaultInterrupt)
                  0x00004c          0x4 LONG 0x19c DEFINED (__IC3Interrupt)?ABSOLUTE (__IC3Interrupt):ABSOLUTE (__DefaultInterrupt)
                  0x00004e          0x4 LONG 0x19c DEFINED (__IC4Interrupt)?ABSOLUTE (__IC4Interrupt):ABSOLUTE (__DefaultInterrupt)
                  0x000050          0x4 LONG 0x19c DEFINED (__IC5Interrupt)?ABSOLUTE (__IC5Interrupt):ABSOLUTE (__DefaultInterrupt)
                  0x000052          0x4 LONG 0x19c DEFINED (__IC6Interrupt)?ABSOLUTE (__IC6Interrupt):ABSOLUTE (__DefaultInterrupt)
                  0x000054          0x4 LONG 0x19c DEFINED (__OC5Interrupt)?ABSOLUTE (__OC5Interrupt):ABSOLUTE (__DefaultInterrupt)
                  0x000056          0x4 LONG 0x19c DEFINED (__OC6Interrupt)?ABSOLUTE (__OC6Interrupt):ABSOLUTE (__DefaultInterrupt)
                  0x000058          0x4 LONG 0x19c DEFINED (__OC7Interrupt)?ABSOLUTE (__OC7Interrupt):ABSOLUTE (__DefaultInterrupt)
                  0x00005a          0x4 LONG 0x19c DEFINED (__OC8Interrupt)?ABSOLUTE (__OC8Interrupt):ABSOLUTE (__DefaultInterrupt)
                  0x00005c          0x4 LONG 0x19c DEFINED (__INT3Interrupt)?ABSOLUTE (__INT3Interrupt):ABSOLUTE (__DefaultInterrupt)
                  0x00005e          0x4 LONG 0x19c DEFINED (__INT4Interrupt)?ABSOLUTE (__INT4Interrupt):ABSOLUTE (__DefaultInterrupt)
                  0x000060          0x4 LONG 0x19c DEFINED (__C2Interrupt)?ABSOLUTE (__C2Interrupt):ABSOLUTE (__DefaultInterrupt)
                  0x000062          0x4 LONG 0x19c DEFINED (__PWMInterrupt)?ABSOLUTE (__PWMInterrupt):ABSOLUTE (__DefaultInterrupt)
                  0x000064          0x4 LONG 0x19c DEFINED (__QEIInterrupt)?ABSOLUTE (__QEIInterrupt):ABSOLUTE (__DefaultInterrupt)
                  0x000066          0x4 LONG 0x19c DEFINED (__DCIInterrupt)?ABSOLUTE (__DCIInterrupt):ABSOLUTE (__DefaultInterrupt)
                  0x000068          0x4 LONG 0x19c DEFINED (__LVDInterrupt)?ABSOLUTE (__LVDInterrupt):ABSOLUTE (__DefaultInterrupt)
                  0x00006a          0x4 LONG 0x19c DEFINED (__FLTAInterrupt)?ABSOLUTE (__FLTAInterrupt):ABSOLUTE (__DefaultInterrupt)
                  0x00006c          0x4 LONG 0x19c DEFINED (__FLTBInterrupt)?ABSOLUTE (__FLTBInterrupt):ABSOLUTE (__DefaultInterrupt)
                  0x00006e          0x4 LONG 0x19c DEFINED (__Interrupt45)?ABSOLUTE (__Interrupt45):ABSOLUTE (__DefaultInterrupt)
                  0x000070          0x4 LONG 0x19c DEFINED (__Interrupt46)?ABSOLUTE (__Interrupt46):ABSOLUTE (__DefaultInterrupt)
                  0x000072          0x4 LONG 0x19c DEFINED (__Interrupt47)?ABSOLUTE (__Interrupt47):ABSOLUTE (__DefaultInterrupt)
                  0x000074          0x4 LONG 0x19c DEFINED (__Interrupt48)?ABSOLUTE (__Interrupt48):ABSOLUTE (__DefaultInterrupt)
                  0x000076          0x4 LONG 0x19c DEFINED (__Interrupt49)?ABSOLUTE (__Interrupt49):ABSOLUTE (__DefaultInterrupt)
                  0x000078          0x4 LONG 0x19c DEFINED (__Interrupt50)?ABSOLUTE (__Interrupt50):ABSOLUTE (__DefaultInterrupt)
                  0x00007a          0x4 LONG 0x19c DEFINED (__Interrupt51)?ABSOLUTE (__Interrupt51):ABSOLUTE (__DefaultInterrupt)
                  0x00007c          0x4 LONG 0x19c DEFINED (__Interrupt52)?ABSOLUTE (__Interrupt52):ABSOLUTE (__DefaultInterrupt)
                  0x00007e          0x4 LONG 0x19c DEFINED (__Interrupt53)?ABSOLUTE (__Interrupt53):ABSOLUTE (__DefaultInterrupt)

.aivt             0x000084         0x7c
                  0x000084          0x4 LONG 0x19c DEFINED (__AltReservedTrap0)?ABSOLUTE (__AltReservedTrap0):DEFINED (__ReservedTrap0)?ABSOLUTE (__ReservedTrap0):ABSOLUTE (__DefaultInterrupt)
                  0x000086          0x4 LONG 0x19c DEFINED (__AltOscillatorFail)?ABSOLUTE (__AltOscillatorFail):DEFINED (__OscillatorFail)?ABSOLUTE (__OscillatorFail):ABSOLUTE (__DefaultInterrupt)
                  0x000088          0x4 LONG 0x19c DEFINED (__AltAddressError)?ABSOLUTE (__AltAddressError):DEFINED (__AddressError)?ABSOLUTE (__AddressError):ABSOLUTE (__DefaultInterrupt)
                  0x00008a          0x4 LONG 0x19c DEFINED (__AltStackError)?ABSOLUTE (__AltStackError):DEFINED (__StackError)?ABSOLUTE (__StackError):ABSOLUTE (__DefaultInterrupt)
                  0x00008c          0x4 LONG 0x19c DEFINED (__AltMathError)?ABSOLUTE (__AltMathError):DEFINED (__MathError)?ABSOLUTE (__MathError):ABSOLUTE (__DefaultInterrupt)
                  0x00008e          0x4 LONG 0x19c DEFINED (__AltReservedTrap5)?ABSOLUTE (__AltReservedTrap5):DEFINED (__ReservedTrap5)?ABSOLUTE (__ReservedTrap5):ABSOLUTE (__DefaultInterrupt)
                  0x000090          0x4 LONG 0x19c DEFINED (__AltReservedTrap6)?ABSOLUTE (__AltReservedTrap6):DEFINED (__ReservedTrap6)?ABSOLUTE (__ReservedTrap6):ABSOLUTE (__DefaultInterrupt)
                  0x000092          0x4 LONG 0x19c DEFINED (__AltReservedTrap7)?ABSOLUTE (__AltReservedTrap7):DEFINED (__ReservedTrap7)?ABSOLUTE (__ReservedTrap7):ABSOLUTE (__DefaultInterrupt)
                  0x000094          0x4 LONG 0x19c DEFINED (__AltINT0Interrupt)?ABSOLUTE (__AltINT0Interrupt):DEFINED (__INT0Interrupt)?ABSOLUTE (__INT0Interrupt):ABSOLUTE (__DefaultInterrupt)
                  0x000096          0x4 LONG 0x19c DEFINED (__AltIC1Interrupt)?ABSOLUTE (__AltIC1Interrupt):DEFINED (__IC1Interrupt)?ABSOLUTE (__IC1Interrupt):ABSOLUTE (__DefaultInterrupt)
                  0x000098          0x4 LONG 0x19c DEFINED (__AltOC1Interrupt)?ABSOLUTE (__AltOC1Interrupt):DEFINED (__OC1Interrupt)?ABSOLUTE (__OC1Interrupt):ABSOLUTE (__DefaultInterrupt)
                  0x00009a          0x4 LONG 0x2272 DEFINED (__AltT1Interrupt)?ABSOLUTE (__AltT1Interrupt):DEFINED (__T1Interrupt)?ABSOLUTE (__T1Interrupt):ABSOLUTE (__DefaultInterrupt)
                  0x00009c          0x4 LONG 0x19c DEFINED (__AltIC2Interrupt)?ABSOLUTE (__AltIC2Interrupt):DEFINED (__IC2Interrupt)?ABSOLUTE (__IC2Interrupt):ABSOLUTE (__DefaultInterrupt)
                  0x00009e          0x4 LONG 0x19c DEFINED (__AltOC2Interrupt)?ABSOLUTE (__AltOC2Interrupt):DEFINED (__OC2Interrupt)?ABSOLUTE (__OC2Interrupt):ABSOLUTE (__DefaultInterrupt)
                  0x0000a0          0x4 LONG 0x19c DEFINED (__AltT2Interrupt)?ABSOLUTE (__AltT2Interrupt):DEFINED (__T2Interrupt)?ABSOLUTE (__T2Interrupt):ABSOLUTE (__DefaultInterrupt)
                  0x0000a2          0x4 LONG 0x232a DEFINED (__AltT3Interrupt)?ABSOLUTE (__AltT3Interrupt):DEFINED (__T3Interrupt)?ABSOLUTE (__T3Interrupt):ABSOLUTE (__DefaultInterrupt)
                  0x0000a4          0x4 LONG 0x19c DEFINED (__AltSPI1Interrupt)?ABSOLUTE (__AltSPI1Interrupt):DEFINED (__SPI1Interrupt)?ABSOLUTE (__SPI1Interrupt):ABSOLUTE (__DefaultInterrupt)
                  0x0000a6          0x4 LONG 0x19c DEFINED (__AltU1RXInterrupt)?ABSOLUTE (__AltU1RXInterrupt):DEFINED (__U1RXInterrupt)?ABSOLUTE (__U1RXInterrupt):ABSOLUTE (__DefaultInterrupt)
                  0x0000a8          0x4 LONG 0x19c DEFINED (__AltU1TXInterrupt)?ABSOLUTE (__AltU1TXInterrupt):DEFINED (__U1TXInterrupt)?ABSOLUTE (__U1TXInterrupt):ABSOLUTE (__DefaultInterrupt)
                  0x0000aa          0x4 LONG 0x19c DEFINED (__AltADCInterrupt)?ABSOLUTE (__AltADCInterrupt):DEFINED (__ADCInterrupt)?ABSOLUTE (__ADCInterrupt):ABSOLUTE (__DefaultInterrupt)
                  0x0000ac          0x4 LONG 0x19c DEFINED (__AltNVMInterrupt)?ABSOLUTE (__AltNVMInterrupt):DEFINED (__NVMInterrupt)?ABSOLUTE (__NVMInterrupt):ABSOLUTE (__DefaultInterrupt)
                  0x0000ae          0x4 LONG 0x19c DEFINED (__AltSI2CInterrupt)?ABSOLUTE (__AltSI2CInterrupt):DEFINED (__SI2CInterrupt)?ABSOLUTE (__SI2CInterrupt):ABSOLUTE (__DefaultInterrupt)
                  0x0000b0          0x4 LONG 0x19c DEFINED (__AltMI2CInterrupt)?ABSOLUTE (__AltMI2CInterrupt):DEFINED (__MI2CInterrupt)?ABSOLUTE (__MI2CInterrupt):ABSOLUTE (__DefaultInterrupt)
                  0x0000b2          0x4 LONG 0x19c DEFINED (__AltCNInterrupt)?ABSOLUTE (__AltCNInterrupt):DEFINED (__CNInterrupt)?ABSOLUTE (__CNInterrupt):ABSOLUTE (__DefaultInterrupt)
                  0x0000b4          0x4 LONG 0x19c DEFINED (__AltINT1Interrupt)?ABSOLUTE (__AltINT1Interrupt):DEFINED (__INT1Interrupt)?ABSOLUTE (__INT1Interrupt):ABSOLUTE (__DefaultInterrupt)
                  0x0000b6          0x4 LONG 0x19c DEFINED (__AltIC7Interrupt)?ABSOLUTE (__AltIC7Interrupt):DEFINED (__IC7Interrupt)?ABSOLUTE (__IC7Interrupt):ABSOLUTE (__DefaultInterrupt)
                  0x0000b8          0x4 LONG 0x19c DEFINED (__AltIC8Interrupt)?ABSOLUTE (__AltIC8Interrupt):DEFINED (__IC8Interrupt)?ABSOLUTE (__IC8Interrupt):ABSOLUTE (__DefaultInterrupt)
                  0x0000ba          0x4 LONG 0x19c DEFINED (__AltOC3Interrupt)?ABSOLUTE (__AltOC3Interrupt):DEFINED (__OC3Interrupt)?ABSOLUTE (__OC3Interrupt):ABSOLUTE (__DefaultInterrupt)
                  0x0000bc          0x4 LONG 0x19c DEFINED (__AltOC4Interrupt)?ABSOLUTE (__AltOC4Interrupt):DEFINED (__OC4Interrupt)?ABSOLUTE (__OC4Interrupt):ABSOLUTE (__DefaultInterrupt)
                  0x0000be          0x4 LONG 0x19c DEFINED (__AltT4Interrupt)?ABSOLUTE (__AltT4Interrupt):DEFINED (__T4Interrupt)?ABSOLUTE (__T4Interrupt):ABSOLUTE (__DefaultInterrupt)
                  0x0000c0          0x4 LONG 0x194 DEFINED (__AltT5Interrupt)?ABSOLUTE (__AltT5Interrupt):DEFINED (__T5Interrupt)?ABSOLUTE (__T5Interrupt):ABSOLUTE (__DefaultInterrupt)
                  0x0000c2          0x4 LONG 0x19c DEFINED (__AltINT2Interrupt)?ABSOLUTE (__AltINT2Interrupt):DEFINED (__INT2Interrupt)?ABSOLUTE (__INT2Interrupt):ABSOLUTE (__DefaultInterrupt)
                  0x0000c4          0x4 LONG 0x1794 DEFINED (__AltU2RXInterrupt)?ABSOLUTE (__AltU2RXInterrupt):DEFINED (__U2RXInterrupt)?ABSOLUTE (__U2RXInterrupt):ABSOLUTE (__DefaultInterrupt)
                  0x0000c6          0x4 LONG 0x19c DEFINED (__AltU2TXInterrupt)?ABSOLUTE (__AltU2TXInterrupt):DEFINED (__U2TXInterrupt)?ABSOLUTE (__U2TXInterrupt):ABSOLUTE (__DefaultInterrupt)
                  0x0000c8          0x4 LONG 0x19c DEFINED (__AltSPI2Interrupt)?ABSOLUTE (__AltSPI2Interrupt):DEFINED (__SPI2Interrupt)?ABSOLUTE (__SPI2Interrupt):ABSOLUTE (__DefaultInterrupt)
                  0x0000ca          0x4 LONG 0x19c DEFINED (__AltC1Interrupt)?ABSOLUTE (__AltC1Interrupt):DEFINED (__C1Interrupt)?ABSOLUTE (__C1Interrupt):ABSOLUTE (__DefaultInterrupt)
                  0x0000cc          0x4 LONG 0x19c DEFINED (__AltIC3Interrupt)?ABSOLUTE (__AltIC3Interrupt):DEFINED (__IC3Interrupt)?ABSOLUTE (__IC3Interrupt):ABSOLUTE (__DefaultInterrupt)
                  0x0000ce          0x4 LONG 0x19c DEFINED (__AltIC4Interrupt)?ABSOLUTE (__AltIC4Interrupt):DEFINED (__IC4Interrupt)?ABSOLUTE (__IC4Interrupt):ABSOLUTE (__DefaultInterrupt)
                  0x0000d0          0x4 LONG 0x19c DEFINED (__AltIC5Interrupt)?ABSOLUTE (__AltIC5Interrupt):DEFINED (__IC5Interrupt)?ABSOLUTE (__IC5Interrupt):ABSOLUTE (__DefaultInterrupt)
                  0x0000d2          0x4 LONG 0x19c DEFINED (__AltIC6Interrupt)?ABSOLUTE (__AltIC6Interrupt):DEFINED (__IC6Interrupt)?ABSOLUTE (__IC6Interrupt):ABSOLUTE (__DefaultInterrupt)
                  0x0000d4          0x4 LONG 0x19c DEFINED (__AltOC5Interrupt)?ABSOLUTE (__AltOC5Interrupt):DEFINED (__OC5Interrupt)?ABSOLUTE (__OC5Interrupt):ABSOLUTE (__DefaultInterrupt)
                  0x0000d6          0x4 LONG 0x19c DEFINED (__AltOC6Interrupt)?ABSOLUTE (__AltOC6Interrupt):DEFINED (__OC6Interrupt)?ABSOLUTE (__OC6Interrupt):ABSOLUTE (__DefaultInterrupt)
                  0x0000d8          0x4 LONG 0x19c DEFINED (__AltOC7Interrupt)?ABSOLUTE (__AltOC7Interrupt):DEFINED (__OC7Interrupt)?ABSOLUTE (__OC7Interrupt):ABSOLUTE (__DefaultInterrupt)
                  0x0000da          0x4 LONG 0x19c DEFINED (__AltOC8Interrupt)?ABSOLUTE (__AltOC8Interrupt):DEFINED (__OC8Interrupt)?ABSOLUTE (__OC8Interrupt):ABSOLUTE (__DefaultInterrupt)
                  0x0000dc          0x4 LONG 0x19c DEFINED (__AltINT3Interrupt)?ABSOLUTE (__AltINT3Interrupt):DEFINED (__INT3Interrupt)?ABSOLUTE (__INT3Interrupt):ABSOLUTE (__DefaultInterrupt)
                  0x0000de          0x4 LONG 0x19c DEFINED (__AltINT4Interrupt)?ABSOLUTE (__AltINT4Interrupt):DEFINED (__INT4Interrupt)?ABSOLUTE (__INT4Interrupt):ABSOLUTE (__DefaultInterrupt)
                  0x0000e0          0x4 LONG 0x19c DEFINED (__AltC2Interrupt)?ABSOLUTE (__AltC2Interrupt):DEFINED (__C2Interrupt)?ABSOLUTE (__C2Interrupt):ABSOLUTE (__DefaultInterrupt)
                  0x0000e2          0x4 LONG 0x19c DEFINED (__AltPWMInterrupt)?ABSOLUTE (__AltPWMInterrupt):DEFINED (__PWMInterrupt)?ABSOLUTE (__PWMInterrupt):ABSOLUTE (__DefaultInterrupt)
                  0x0000e4          0x4 LONG 0x19c DEFINED (__AltQEIInterrupt)?ABSOLUTE (__AltQEIInterrupt):DEFINED (__QEIInterrupt)?ABSOLUTE (__QEIInterrupt):ABSOLUTE (__DefaultInterrupt)
                  0x0000e6          0x4 LONG 0x19c DEFINED (__AltDCIInterrupt)?ABSOLUTE (__AltDCIInterrupt):DEFINED (__DCIInterrupt)?ABSOLUTE (__DCIInterrupt):ABSOLUTE (__DefaultInterrupt)
                  0x0000e8          0x4 LONG 0x19c DEFINED (__AltLVDInterrupt)?ABSOLUTE (__AltLVDInterrupt):DEFINED (__LVDInterrupt)?ABSOLUTE (__LVDInterrupt):ABSOLUTE (__DefaultInterrupt)
                  0x0000ea          0x4 LONG 0x19c DEFINED (__AltFLTAInterrupt)?ABSOLUTE (__AltFLTAInterrupt):DEFINED (__FLTAInterrupt)?ABSOLUTE (__FLTAInterrupt):ABSOLUTE (__DefaultInterrupt)
                  0x0000ec          0x4 LONG 0x19c DEFINED (__AltFLTBInterrupt)?ABSOLUTE (__AltFLTBInterrupt):DEFINED (__FLTBInterrupt)?ABSOLUTE (__FLTBInterrupt):ABSOLUTE (__DefaultInterrupt)
                  0x0000ee          0x4 LONG 0x19c DEFINED (__AltInterrupt45)?ABSOLUTE (__AltInterrupt45):DEFINED (__Interrupt45)?ABSOLUTE (__Interrupt45):ABSOLUTE (__DefaultInterrupt)
                  0x0000f0          0x4 LONG 0x19c DEFINED (__AltInterrupt46)?ABSOLUTE (__AltInterrupt46):DEFINED (__Interrupt46)?ABSOLUTE (__Interrupt46):ABSOLUTE (__DefaultInterrupt)
                  0x0000f2          0x4 LONG 0x19c DEFINED (__AltInterrupt47)?ABSOLUTE (__AltInterrupt47):DEFINED (__Interrupt47)?ABSOLUTE (__Interrupt47):ABSOLUTE (__DefaultInterrupt)
                  0x0000f4          0x4 LONG 0x19c DEFINED (__AltInterrupt48)?ABSOLUTE (__AltInterrupt48):DEFINED (__Interrupt48)?ABSOLUTE (__Interrupt48):ABSOLUTE (__DefaultInterrupt)
                  0x0000f6          0x4 LONG 0x19c DEFINED (__AltInterrupt49)?ABSOLUTE (__AltInterrupt49):DEFINED (__Interrupt49)?ABSOLUTE (__Interrupt49):ABSOLUTE (__DefaultInterrupt)
                  0x0000f8          0x4 LONG 0x19c DEFINED (__AltInterrupt50)?ABSOLUTE (__AltInterrupt50):DEFINED (__Interrupt50)?ABSOLUTE (__Interrupt50):ABSOLUTE (__DefaultInterrupt)
                  0x0000fa          0x4 LONG 0x19c DEFINED (__AltInterrupt51)?ABSOLUTE (__AltInterrupt51):DEFINED (__Interrupt51)?ABSOLUTE (__Interrupt51):ABSOLUTE (__DefaultInterrupt)
                  0x0000fc          0x4 LONG 0x19c DEFINED (__AltInterrupt52)?ABSOLUTE (__AltInterrupt52):DEFINED (__Interrupt52)?ABSOLUTE (__Interrupt52):ABSOLUTE (__DefaultInterrupt)
                  0x0000fe          0x4 LONG 0x19c DEFINED (__AltInterrupt53)?ABSOLUTE (__AltInterrupt53):DEFINED (__Interrupt53)?ABSOLUTE (__Interrupt53):ABSOLUTE (__DefaultInterrupt)
                    0x0000                  WREG0 = 0x0
                    0x0000                  _WREG0 = 0x0
                    0x0002                  WREG1 = 0x2
                    0x0002                  _WREG1 = 0x2
                    0x0004                  WREG2 = 0x4
                    0x0004                  _WREG2 = 0x4
                    0x0006                  WREG3 = 0x6
                    0x0006                  _WREG3 = 0x6
                    0x0008                  WREG4 = 0x8
                    0x0008                  _WREG4 = 0x8
                    0x000a                  WREG5 = 0xa
                    0x000a                  _WREG5 = 0xa
                    0x000c                  WREG6 = 0xc
                    0x000c                  _WREG6 = 0xc
                    0x000e                  WREG7 = 0xe
                    0x000e                  _WREG7 = 0xe
                    0x0010                  WREG8 = 0x10
                    0x0010                  _WREG8 = 0x10
                    0x0012                  WREG9 = 0x12
                    0x0012                  _WREG9 = 0x12
                    0x0014                  WREG10 = 0x14
                    0x0014                  _WREG10 = 0x14
                    0x0016                  WREG11 = 0x16
                    0x0016                  _WREG11 = 0x16
                    0x0018                  WREG12 = 0x18
                    0x0018                  _WREG12 = 0x18
                    0x001a                  WREG13 = 0x1a
                    0x001a                  _WREG13 = 0x1a
                    0x001c                  WREG14 = 0x1c
                    0x001c                  _WREG14 = 0x1c
                    0x001e                  WREG15 = 0x1e
                    0x001e                  _WREG15 = 0x1e
                    0x0020                  SPLIM = 0x20
                    0x0020                  _SPLIM = 0x20
                    0x0022                  ACCAL = 0x22
                    0x0022                  _ACCAL = 0x22
                    0x0024                  ACCAH = 0x24
                    0x0024                  _ACCAH = 0x24
                    0x0026                  ACCAU = 0x26
                    0x0026                  _ACCAU = 0x26
                    0x0028                  ACCBL = 0x28
                    0x0028                  _ACCBL = 0x28
                    0x002a                  ACCBH = 0x2a
                    0x002a                  _ACCBH = 0x2a
                    0x002c                  ACCBU = 0x2c
                    0x002c                  _ACCBU = 0x2c
                    0x002e                  PCL = 0x2e
                    0x002e                  _PCL = 0x2e
                    0x0030                  PCH = 0x30
                    0x0030                  _PCH = 0x30
                    0x0032                  TBLPAG = 0x32
                    0x0032                  _TBLPAG = 0x32
                    0x0034                  PSVPAG = 0x34
                    0x0034                  _PSVPAG = 0x34
                    0x0036                  RCOUNT = 0x36
                    0x0036                  _RCOUNT = 0x36
                    0x0038                  DCOUNT = 0x38
                    0x0038                  _DCOUNT = 0x38
                    0x003a                  DOSTARTL = 0x3a
                    0x003a                  _DOSTARTL = 0x3a
                    0x003c                  DOSTARTH = 0x3c
                    0x003c                  _DOSTARTH = 0x3c
                    0x003e                  DOENDL = 0x3e
                    0x003e                  _DOENDL = 0x3e
                    0x0040                  DOENDH = 0x40
                    0x0040                  _DOENDH = 0x40
                    0x0042                  SR = 0x42
                    0x0042                  _SR = 0x42
                    0x0042                  _SRbits = 0x42
                    0x0044                  CORCON = 0x44
                    0x0044                  _CORCON = 0x44
                    0x0044                  _CORCONbits = 0x44
                    0x0046                  MODCON = 0x46
                    0x0046                  _MODCON = 0x46
                    0x0046                  _MODCONbits = 0x46
                    0x0048                  XMODSRT = 0x48
                    0x0048                  _XMODSRT = 0x48
                    0x004a                  XMODEND = 0x4a
                    0x004a                  _XMODEND = 0x4a
                    0x004c                  YMODSRT = 0x4c
                    0x004c                  _YMODSRT = 0x4c
                    0x004e                  YMODEND = 0x4e
                    0x004e                  _YMODEND = 0x4e
                    0x0050                  XBREV = 0x50
                    0x0050                  _XBREV = 0x50
                    0x0050                  _XBREVbits = 0x50
                    0x0052                  DISICNT = 0x52
                    0x0052                  _DISICNT = 0x52
                    0x0052                  _DISICNTbits = 0x52
                    0x0080                  INTCON1 = 0x80
                    0x0080                  _INTCON1 = 0x80
                    0x0080                  _INTCON1bits = 0x80
                    0x0082                  INTCON2 = 0x82
                    0x0082                  _INTCON2 = 0x82
                    0x0082                  _INTCON2bits = 0x82
                    0x0084                  IFS0 = 0x84
                    0x0084                  _IFS0 = 0x84
                    0x0084                  _IFS0bits = 0x84
                    0x0086                  IFS1 = 0x86
                    0x0086                  _IFS1 = 0x86
                    0x0086                  _IFS1bits = 0x86
                    0x0088                  IFS2 = 0x88
                    0x0088                  _IFS2 = 0x88
                    0x0088                  _IFS2bits = 0x88
                    0x008c                  IEC0 = 0x8c
                    0x008c                  _IEC0 = 0x8c
                    0x008c                  _IEC0bits = 0x8c
                    0x008e                  IEC1 = 0x8e
                    0x008e                  _IEC1 = 0x8e
                    0x008e                  _IEC1bits = 0x8e
                    0x0090                  IEC2 = 0x90
                    0x0090                  _IEC2 = 0x90
                    0x0090                  _IEC2bits = 0x90
                    0x0094                  IPC0 = 0x94
                    0x0094                  _IPC0 = 0x94
                    0x0094                  _IPC0bits = 0x94
                    0x0096                  IPC1 = 0x96
                    0x0096                  _IPC1 = 0x96
                    0x0096                  _IPC1bits = 0x96
                    0x0098                  IPC2 = 0x98
                    0x0098                  _IPC2 = 0x98
                    0x0098                  _IPC2bits = 0x98
                    0x009a                  IPC3 = 0x9a
                    0x009a                  _IPC3 = 0x9a
                    0x009a                  _IPC3bits = 0x9a
                    0x009c                  IPC4 = 0x9c
                    0x009c                  _IPC4 = 0x9c
                    0x009c                  _IPC4bits = 0x9c
                    0x009e                  IPC5 = 0x9e
                    0x009e                  _IPC5 = 0x9e
                    0x009e                  _IPC5bits = 0x9e
                    0x00a0                  IPC6 = 0xa0
                    0x00a0                  _IPC6 = 0xa0
                    0x00a0                  _IPC6bits = 0xa0
                    0x00a8                  IPC10 = 0xa8
                    0x00a8                  _IPC10 = 0xa8
                    0x00a8                  _IPC10bits = 0xa8
                    0x00b0                  INTTREG = 0xb0
                    0x00b0                  _INTTREG = 0xb0
                    0x00b0                  _INTTREGbits = 0xb0
                    0x00c0                  CNEN1 = 0xc0
                    0x00c0                  _CNEN1 = 0xc0
                    0x00c0                  _CNEN1bits = 0xc0
                    0x00c2                  CNEN2 = 0xc2
                    0x00c2                  _CNEN2 = 0xc2
                    0x00c2                  _CNEN2bits = 0xc2
                    0x00c4                  CNPU1 = 0xc4
                    0x00c4                  _CNPU1 = 0xc4
                    0x00c4                  _CNPU1bits = 0xc4
                    0x00c6                  CNPU2 = 0xc6
                    0x00c6                  _CNPU2 = 0xc6
                    0x00c6                  _CNPU2bits = 0xc6
                    0x0100                  TMR1 = 0x100
                    0x0100                  _TMR1 = 0x100
                    0x0102                  PR1 = 0x102
                    0x0102                  _PR1 = 0x102
                    0x0104                  T1CON = 0x104
                    0x0104                  _T1CON = 0x104
                    0x0104                  _T1CONbits = 0x104
                    0x0106                  TMR2 = 0x106
                    0x0106                  _TMR2 = 0x106
                    0x0108                  TMR3HLD = 0x108
                    0x0108                  _TMR3HLD = 0x108
                    0x010a                  TMR3 = 0x10a
                    0x010a                  _TMR3 = 0x10a
                    0x010c                  PR2 = 0x10c
                    0x010c                  _PR2 = 0x10c
                    0x010e                  PR3 = 0x10e
                    0x010e                  _PR3 = 0x10e
                    0x0110                  T2CON = 0x110
                    0x0110                  _T2CON = 0x110
                    0x0110                  _T2CONbits = 0x110
                    0x0112                  T3CON = 0x112
                    0x0112                  _T3CON = 0x112
                    0x0112                  _T3CONbits = 0x112
                    0x0114                  TMR4 = 0x114
                    0x0114                  _TMR4 = 0x114
                    0x0116                  TMR5HLD = 0x116
                    0x0116                  _TMR5HLD = 0x116
                    0x0118                  TMR5 = 0x118
                    0x0118                  _TMR5 = 0x118
                    0x011a                  PR4 = 0x11a
                    0x011a                  _PR4 = 0x11a
                    0x011c                  PR5 = 0x11c
                    0x011c                  _PR5 = 0x11c
                    0x011e                  T4CON = 0x11e
                    0x011e                  _T4CON = 0x11e
                    0x011e                  _T4CONbits = 0x11e
                    0x0120                  T5CON = 0x120
                    0x0120                  _T5CON = 0x120
                    0x0120                  _T5CONbits = 0x120
                    0x0140                  IC1BUF = 0x140
                    0x0140                  _IC1BUF = 0x140
                    0x0142                  IC1CON = 0x142
                    0x0142                  _IC1CON = 0x142
                    0x0142                  _IC1CONbits = 0x142
                    0x0144                  IC2BUF = 0x144
                    0x0144                  _IC2BUF = 0x144
                    0x0146                  IC2CON = 0x146
                    0x0146                  _IC2CON = 0x146
                    0x0146                  _IC2CONbits = 0x146
                    0x0158                  IC7BUF = 0x158
                    0x0158                  _IC7BUF = 0x158
                    0x015a                  IC7CON = 0x15a
                    0x015a                  _IC7CON = 0x15a
                    0x015a                  _IC7CONbits = 0x15a
                    0x015c                  IC8BUF = 0x15c
                    0x015c                  _IC8BUF = 0x15c
                    0x015e                  IC8CON = 0x15e
                    0x015e                  _IC8CON = 0x15e
                    0x015e                  _IC8CONbits = 0x15e
                    0x0180                  OC1RS = 0x180
                    0x0180                  _OC1RS = 0x180
                    0x0182                  OC1R = 0x182
                    0x0182                  _OC1R = 0x182
                    0x0184                  OC1CON = 0x184
                    0x0184                  _OC1CON = 0x184
                    0x0184                  _OC1CONbits = 0x184
                    0x0186                  OC2RS = 0x186
                    0x0186                  _OC2RS = 0x186
                    0x0188                  OC2R = 0x188
                    0x0188                  _OC2R = 0x188
                    0x018a                  OC2CON = 0x18a
                    0x018a                  _OC2CON = 0x18a
                    0x018a                  _OC2CONbits = 0x18a
                    0x018c                  OC3RS = 0x18c
                    0x018c                  _OC3RS = 0x18c
                    0x018e                  OC3R = 0x18e
                    0x018e                  _OC3R = 0x18e
                    0x0190                  OC3CON = 0x190
                    0x0190                  _OC3CON = 0x190
                    0x0190                  _OC3CONbits = 0x190
                    0x0192                  OC4RS = 0x192
                    0x0192                  _OC4RS = 0x192
                    0x0194                  OC4R = 0x194
                    0x0194                  _OC4R = 0x194
                    0x0196                  OC4CON = 0x196
                    0x0196                  _OC4CON = 0x196
                    0x0196                  _OC4CONbits = 0x196
                    0x0200                  I2CRCV = 0x200
                    0x0200                  _I2CRCV = 0x200
                    0x0200                  _I2CRCVbits = 0x200
                    0x0202                  I2CTRN = 0x202
                    0x0202                  _I2CTRN = 0x202
                    0x0202                  _I2CTRNbits = 0x202
                    0x0204                  I2CBRG = 0x204
                    0x0204                  _I2CBRG = 0x204
                    0x0204                  _I2CBRGbits = 0x204
                    0x0206                  I2CCON = 0x206
                    0x0206                  _I2CCON = 0x206
                    0x0206                  _I2CCONbits = 0x206
                    0x0208                  I2CSTAT = 0x208
                    0x0208                  _I2CSTAT = 0x208
                    0x0208                  _I2CSTATbits = 0x208
                    0x020a                  I2CADD = 0x20a
                    0x020a                  _I2CADD = 0x20a
                    0x020a                  _I2CADDbits = 0x20a
                    0x020c                  U1MODE = 0x20c
                    0x020c                  _U1MODE = 0x20c
                    0x020c                  _U1MODEbits = 0x20c
                    0x020e                  U1STA = 0x20e
                    0x020e                  _U1STA = 0x20e
                    0x020e                  _U1STAbits = 0x20e
                    0x0210                  U1TXREG = 0x210
                    0x0210                  _U1TXREG = 0x210
                    0x0210                  _U1TXREGbits = 0x210
                    0x0212                  U1RXREG = 0x212
                    0x0212                  _U1RXREG = 0x212
                    0x0212                  _U1RXREGbits = 0x212
                    0x0214                  U1BRG = 0x214
                    0x0214                  _U1BRG = 0x214
                    0x0216                  U2MODE = 0x216
                    0x0216                  _U2MODE = 0x216
                    0x0216                  _U2MODEbits = 0x216
                    0x0218                  U2STA = 0x218
                    0x0218                  _U2STA = 0x218
                    0x0218                  _U2STAbits = 0x218
                    0x021a                  U2TXREG = 0x21a
                    0x021a                  _U2TXREG = 0x21a
                    0x021a                  _U2TXREGbits = 0x21a
                    0x021c                  U2RXREG = 0x21c
                    0x021c                  _U2RXREG = 0x21c
                    0x021c                  _U2RXREGbits = 0x21c
                    0x021e                  U2BRG = 0x21e
                    0x021e                  _U2BRG = 0x21e
                    0x0220                  SPI1STAT = 0x220
                    0x0220                  _SPI1STAT = 0x220
                    0x0220                  _SPI1STATbits = 0x220
                    0x0222                  SPI1CON = 0x222
                    0x0222                  _SPI1CON = 0x222
                    0x0222                  _SPI1CONbits = 0x222
                    0x0224                  SPI1BUF = 0x224
                    0x0224                  _SPI1BUF = 0x224
                    0x0240                  DCICON1 = 0x240
                    0x0240                  _DCICON1 = 0x240
                    0x0240                  _DCICON1bits = 0x240
                    0x0242                  DCICON2 = 0x242
                    0x0242                  _DCICON2 = 0x242
                    0x0242                  _DCICON2bits = 0x242
                    0x0244                  DCICON3 = 0x244
                    0x0244                  _DCICON3 = 0x244
                    0x0244                  _DCICON3bits = 0x244
                    0x0246                  DCISTAT = 0x246
                    0x0246                  _DCISTAT = 0x246
                    0x0246                  _DCISTATbits = 0x246
                    0x0248                  TSCON = 0x248
                    0x0248                  _TSCON = 0x248
                    0x0248                  _TSCONbits = 0x248
                    0x024c                  RSCON = 0x24c
                    0x024c                  _RSCON = 0x24c
                    0x024c                  _RSCONbits = 0x24c
                    0x0250                  RXBUF0 = 0x250
                    0x0250                  _RXBUF0 = 0x250
                    0x0252                  RXBUF1 = 0x252
                    0x0252                  _RXBUF1 = 0x252
                    0x0254                  RXBUF2 = 0x254
                    0x0254                  _RXBUF2 = 0x254
                    0x0256                  RXBUF3 = 0x256
                    0x0256                  _RXBUF3 = 0x256
                    0x0258                  TXBUF0 = 0x258
                    0x0258                  _TXBUF0 = 0x258
                    0x025a                  TXBUF1 = 0x25a
                    0x025a                  _TXBUF1 = 0x25a
                    0x025c                  TXBUF2 = 0x25c
                    0x025c                  _TXBUF2 = 0x25c
                    0x025e                  TXBUF3 = 0x25e
                    0x025e                  _TXBUF3 = 0x25e
                    0x0280                  ADCBUF0 = 0x280
                    0x0280                  _ADCBUF0 = 0x280
                    0x0282                  ADCBUF1 = 0x282
                    0x0282                  _ADCBUF1 = 0x282
                    0x0284                  ADCBUF2 = 0x284
                    0x0284                  _ADCBUF2 = 0x284
                    0x0286                  ADCBUF3 = 0x286
                    0x0286                  _ADCBUF3 = 0x286
                    0x0288                  ADCBUF4 = 0x288
                    0x0288                  _ADCBUF4 = 0x288
                    0x028a                  ADCBUF5 = 0x28a
                    0x028a                  _ADCBUF5 = 0x28a
                    0x028c                  ADCBUF6 = 0x28c
                    0x028c                  _ADCBUF6 = 0x28c
                    0x028e                  ADCBUF7 = 0x28e
                    0x028e                  _ADCBUF7 = 0x28e
                    0x0290                  ADCBUF8 = 0x290
                    0x0290                  _ADCBUF8 = 0x290
                    0x0292                  ADCBUF9 = 0x292
                    0x0292                  _ADCBUF9 = 0x292
                    0x0294                  ADCBUFA = 0x294
                    0x0294                  _ADCBUFA = 0x294
                    0x0296                  ADCBUFB = 0x296
                    0x0296                  _ADCBUFB = 0x296
                    0x0298                  ADCBUFC = 0x298
                    0x0298                  _ADCBUFC = 0x298
                    0x029a                  ADCBUFD = 0x29a
                    0x029a                  _ADCBUFD = 0x29a
                    0x029c                  ADCBUFE = 0x29c
                    0x029c                  _ADCBUFE = 0x29c
                    0x029e                  ADCBUFF = 0x29e
                    0x029e                  _ADCBUFF = 0x29e
                    0x02a0                  ADCON1 = 0x2a0
                    0x02a0                  _ADCON1 = 0x2a0
                    0x02a0                  _ADCON1bits = 0x2a0
                    0x02a2                  ADCON2 = 0x2a2
                    0x02a2                  _ADCON2 = 0x2a2
                    0x02a2                  _ADCON2bits = 0x2a2
                    0x02a4                  ADCON3 = 0x2a4
                    0x02a4                  _ADCON3 = 0x2a4
                    0x02a4                  _ADCON3bits = 0x2a4
                    0x02a6                  ADCHS = 0x2a6
                    0x02a6                  _ADCHS = 0x2a6
                    0x02a6                  _ADCHSbits = 0x2a6
                    0x02a8                  ADPCFG = 0x2a8
                    0x02a8                  _ADPCFG = 0x2a8
                    0x02a8                  _ADPCFGbits = 0x2a8
                    0x02aa                  ADCSSL = 0x2aa
                    0x02aa                  _ADCSSL = 0x2aa
                    0x02aa                  _ADCSSLbits = 0x2aa
                    0x02c0                  TRISA = 0x2c0
                    0x02c0                  _TRISA = 0x2c0
                    0x02c0                  _TRISAbits = 0x2c0
                    0x02c2                  PORTA = 0x2c2
                    0x02c2                  _PORTA = 0x2c2
                    0x02c2                  _PORTAbits = 0x2c2
                    0x02c4                  LATA = 0x2c4
                    0x02c4                  _LATA = 0x2c4
                    0x02c4                  _LATAbits = 0x2c4
                    0x02c6                  TRISB = 0x2c6
                    0x02c6                  _TRISB = 0x2c6
                    0x02c6                  _TRISBbits = 0x2c6
                    0x02c8                  PORTB = 0x2c8
                    0x02c8                  _PORTB = 0x2c8
                    0x02c8                  _PORTBbits = 0x2c8
                    0x02ca                  LATB = 0x2ca
                    0x02ca                  _LATB = 0x2ca
                    0x02ca                  _LATBbits = 0x2ca
                    0x02cc                  TRISC = 0x2cc
                    0x02cc                  _TRISC = 0x2cc
                    0x02cc                  _TRISCbits = 0x2cc
                    0x02ce                  PORTC = 0x2ce
                    0x02ce                  _PORTC = 0x2ce
                    0x02ce                  _PORTCbits = 0x2ce
                    0x02d0                  LATC = 0x2d0
                    0x02d0                  _LATC = 0x2d0
                    0x02d0                  _LATCbits = 0x2d0
                    0x02d2                  TRISD = 0x2d2
                    0x02d2                  _TRISD = 0x2d2
                    0x02d2                  _TRISDbits = 0x2d2
                    0x02d4                  PORTD = 0x2d4
                    0x02d4                  _PORTD = 0x2d4
                    0x02d4                  _PORTDbits = 0x2d4
                    0x02d6                  LATD = 0x2d6
                    0x02d6                  _LATD = 0x2d6
                    0x02d6                  _LATDbits = 0x2d6
                    0x02de                  TRISF = 0x2de
                    0x02de                  _TRISF = 0x2de
                    0x02de                  _TRISFbits = 0x2de
                    0x02e0                  PORTF = 0x2e0
                    0x02e0                  _PORTF = 0x2e0
                    0x02e0                  _PORTFbits = 0x2e0
                    0x02e2                  LATF = 0x2e2
                    0x02e2                  _LATF = 0x2e2
                    0x02e2                  _LATFbits = 0x2e2
                    0x0300                  C1RXF0SID = 0x300
                    0x0300                  _C1RXF0SID = 0x300
                    0x0300                  _C1RXF0SIDbits = 0x300
                    0x0302                  C1RXF0EIDH = 0x302
                    0x0302                  _C1RXF0EIDH = 0x302
                    0x0302                  _C1RXF0EIDHbits = 0x302
                    0x0304                  C1RXF0EIDL = 0x304
                    0x0304                  _C1RXF0EIDL = 0x304
                    0x0304                  _C1RXF0EIDLbits = 0x304
                    0x0308                  C1RXF1SID = 0x308
                    0x0308                  _C1RXF1SID = 0x308
                    0x0308                  _C1RXF1SIDbits = 0x308
                    0x030a                  C1RXF1EIDH = 0x30a
                    0x030a                  _C1RXF1EIDH = 0x30a
                    0x030a                  _C1RXF1EIDHbits = 0x30a
                    0x030c                  C1RXF1EIDL = 0x30c
                    0x030c                  _C1RXF1EIDL = 0x30c
                    0x030c                  _C1RXF1EIDLbits = 0x30c
                    0x0310                  C1RXF2SID = 0x310
                    0x0310                  _C1RXF2SID = 0x310
                    0x0310                  _C1RXF2SIDbits = 0x310
                    0x0312                  C1RXF2EIDH = 0x312
                    0x0312                  _C1RXF2EIDH = 0x312
                    0x0312                  _C1RXF2EIDHbits = 0x312
                    0x0314                  C1RXF2EIDL = 0x314
                    0x0314                  _C1RXF2EIDL = 0x314
                    0x0314                  _C1RXF2EIDLbits = 0x314
                    0x0318                  C1RXF3SID = 0x318
                    0x0318                  _C1RXF3SID = 0x318
                    0x0318                  _C1RXF3SIDbits = 0x318
                    0x031a                  C1RXF3EIDH = 0x31a
                    0x031a                  _C1RXF3EIDH = 0x31a
                    0x031a                  _C1RXF3EIDHbits = 0x31a
                    0x031c                  C1RXF3EIDL = 0x31c
                    0x031c                  _C1RXF3EIDL = 0x31c
                    0x031c                  _C1RXF3EIDLbits = 0x31c
                    0x0320                  C1RXF4SID = 0x320
                    0x0320                  _C1RXF4SID = 0x320
                    0x0320                  _C1RXF4SIDbits = 0x320
                    0x0322                  C1RXF4EIDH = 0x322
                    0x0322                  _C1RXF4EIDH = 0x322
                    0x0322                  _C1RXF4EIDHbits = 0x322
                    0x0324                  C1RXF4EIDL = 0x324
                    0x0324                  _C1RXF4EIDL = 0x324
                    0x0324                  _C1RXF4EIDLbits = 0x324
                    0x0328                  C1RXF5SID = 0x328
                    0x0328                  _C1RXF5SID = 0x328
                    0x0328                  _C1RXF5SIDbits = 0x328
                    0x032a                  C1RXF5EIDH = 0x32a
                    0x032a                  _C1RXF5EIDH = 0x32a
                    0x032a                  _C1RXF5EIDHbits = 0x32a
                    0x032c                  C1RXF5EIDL = 0x32c
                    0x032c                  _C1RXF5EIDL = 0x32c
                    0x032c                  _C1RXF5EIDLbits = 0x32c
                    0x0330                  C1RXM0SID = 0x330
                    0x0330                  _C1RXM0SID = 0x330
                    0x0330                  _C1RXM0SIDbits = 0x330
                    0x0332                  C1RXM0EIDH = 0x332
                    0x0332                  _C1RXM0EIDH = 0x332
                    0x0332                  _C1RXM0EIDHbits = 0x332
                    0x0334                  C1RXM0EIDL = 0x334
                    0x0334                  _C1RXM0EIDL = 0x334
                    0x0334                  _C1RXM0EIDLbits = 0x334
                    0x0338                  C1RXM1SID = 0x338
                    0x0338                  _C1RXM1SID = 0x338
                    0x0338                  _C1RXM1SIDbits = 0x338
                    0x033a                  C1RXM1EIDH = 0x33a
                    0x033a                  _C1RXM1EIDH = 0x33a
                    0x033a                  _C1RXM1EIDHbits = 0x33a
                    0x033c                  C1RXM1EIDL = 0x33c
                    0x033c                  _C1RXM1EIDL = 0x33c
                    0x033c                  _C1RXM1EIDLbits = 0x33c
                    0x0340                  C1TX2SID = 0x340
                    0x0340                  _C1TX2SID = 0x340
                    0x0340                  _C1TX2SIDbits = 0x340
                    0x0342                  C1TX2EID = 0x342
                    0x0342                  _C1TX2EID = 0x342
                    0x0342                  _C1TX2EIDbits = 0x342
                    0x0344                  C1TX2DLC = 0x344
                    0x0344                  _C1TX2DLC = 0x344
                    0x0344                  _C1TX2DLCbits = 0x344
                    0x0346                  C1TX2B1 = 0x346
                    0x0346                  _C1TX2B1 = 0x346
                    0x0346                  _C1TX2B1bits = 0x346
                    0x0348                  C1TX2B2 = 0x348
                    0x0348                  _C1TX2B2 = 0x348
                    0x0348                  _C1TX2B2bits = 0x348
                    0x034a                  C1TX2B3 = 0x34a
                    0x034a                  _C1TX2B3 = 0x34a
                    0x034a                  _C1TX2B3bits = 0x34a
                    0x034c                  C1TX2B4 = 0x34c
                    0x034c                  _C1TX2B4 = 0x34c
                    0x034c                  _C1TX2B4bits = 0x34c
                    0x034e                  C1TX2CON = 0x34e
                    0x034e                  _C1TX2CON = 0x34e
                    0x034e                  _C1TX2CONbits = 0x34e
                    0x0350                  C1TX1SID = 0x350
                    0x0350                  _C1TX1SID = 0x350
                    0x0350                  _C1TX1SIDbits = 0x350
                    0x0352                  C1TX1EID = 0x352
                    0x0352                  _C1TX1EID = 0x352
                    0x0352                  _C1TX1EIDbits = 0x352
                    0x0354                  C1TX1DLC = 0x354
                    0x0354                  _C1TX1DLC = 0x354
                    0x0354                  _C1TX1DLCbits = 0x354
                    0x0356                  C1TX1B1 = 0x356
                    0x0356                  _C1TX1B1 = 0x356
                    0x0356                  _C1TX1B1bits = 0x356
                    0x0358                  C1TX1B2 = 0x358
                    0x0358                  _C1TX1B2 = 0x358
                    0x0358                  _C1TX1B2bits = 0x358
                    0x035a                  C1TX1B3 = 0x35a
                    0x035a                  _C1TX1B3 = 0x35a
                    0x035a                  _C1TX1B3bits = 0x35a
                    0x035c                  C1TX1B4 = 0x35c
                    0x035c                  _C1TX1B4 = 0x35c
                    0x035c                  _C1TX1B4bits = 0x35c
                    0x035e                  C1TX1CON = 0x35e
                    0x035e                  _C1TX1CON = 0x35e
                    0x035e                  _C1TX1CONbits = 0x35e
                    0x0360                  C1TX0SID = 0x360
                    0x0360                  _C1TX0SID = 0x360
                    0x0360                  _C1TX0SIDbits = 0x360
                    0x0362                  C1TX0EID = 0x362
                    0x0362                  _C1TX0EID = 0x362
                    0x0362                  _C1TX0EIDbits = 0x362
                    0x0364                  C1TX0DLC = 0x364
                    0x0364                  _C1TX0DLC = 0x364
                    0x0364                  _C1TX0DLCbits = 0x364
                    0x0366                  C1TX0B1 = 0x366
                    0x0366                  _C1TX0B1 = 0x366
                    0x0366                  _C1TX0B1bits = 0x366
                    0x0368                  C1TX0B2 = 0x368
                    0x0368                  _C1TX0B2 = 0x368
                    0x0368                  _C1TX0B2bits = 0x368
                    0x036a                  C1TX0B3 = 0x36a
                    0x036a                  _C1TX0B3 = 0x36a
                    0x036a                  _C1TX0B3bits = 0x36a
                    0x036c                  C1TX0B4 = 0x36c
                    0x036c                  _C1TX0B4 = 0x36c
                    0x036c                  _C1TX0B4bits = 0x36c
                    0x036e                  C1TX0CON = 0x36e
                    0x036e                  _C1TX0CON = 0x36e
                    0x036e                  _C1TX0CONbits = 0x36e
                    0x0370                  C1RX1SID = 0x370
                    0x0370                  _C1RX1SID = 0x370
                    0x0370                  _C1RX1SIDbits = 0x370
                    0x0372                  C1RX1EID = 0x372
                    0x0372                  _C1RX1EID = 0x372
                    0x0372                  _C1RX1EIDbits = 0x372
                    0x0374                  C1RX1DLC = 0x374
                    0x0374                  _C1RX1DLC = 0x374
                    0x0374                  _C1RX1DLCbits = 0x374
                    0x0376                  C1RX1B1 = 0x376
                    0x0376                  _C1RX1B1 = 0x376
                    0x0376                  _C1RX1B1bits = 0x376
                    0x0378                  C1RX1B2 = 0x378
                    0x0378                  _C1RX1B2 = 0x378
                    0x0378                  _C1RX1B2bits = 0x378
                    0x037a                  C1RX1B3 = 0x37a
                    0x037a                  _C1RX1B3 = 0x37a
                    0x037a                  _C1RX1B3bits = 0x37a
                    0x037c                  C1RX1B4 = 0x37c
                    0x037c                  _C1RX1B4 = 0x37c
                    0x037c                  _C1RX1B4bits = 0x37c
                    0x037e                  C1RX1CON = 0x37e
                    0x037e                  _C1RX1CON = 0x37e
                    0x037e                  _C1RX1CONbits = 0x37e
                    0x0380                  C1RX0SID = 0x380
                    0x0380                  _C1RX0SID = 0x380
                    0x0380                  _C1RX0SIDbits = 0x380
                    0x0382                  C1RX0EID = 0x382
                    0x0382                  _C1RX0EID = 0x382
                    0x0382                  _C1RX0EIDbits = 0x382
                    0x0384                  C1RX0DLC = 0x384
                    0x0384                  _C1RX0DLC = 0x384
                    0x0384                  _C1RX0DLCbits = 0x384
                    0x0386                  C1RX0B1 = 0x386
                    0x0386                  _C1RX0B1 = 0x386
                    0x0386                  _C1RX0B1bits = 0x386
                    0x0388                  C1RX0B2 = 0x388
                    0x0388                  _C1RX0B2 = 0x388
                    0x0388                  _C1RX0B2bits = 0x388
                    0x038a                  C1RX0B3 = 0x38a
                    0x038a                  _C1RX0B3 = 0x38a
                    0x038a                  _C1RX0B3bits = 0x38a
                    0x038c                  C1RX0B4 = 0x38c
                    0x038c                  _C1RX0B4 = 0x38c
                    0x038c                  _C1RX0B4bits = 0x38c
                    0x038e                  C1RX0CON = 0x38e
                    0x038e                  _C1RX0CON = 0x38e
                    0x038e                  _C1RX0CONbits = 0x38e
                    0x0390                  C1CTRL = 0x390
                    0x0390                  _C1CTRL = 0x390
                    0x0390                  _C1CTRLbits = 0x390
                    0x0392                  C1CFG1 = 0x392
                    0x0392                  _C1CFG1 = 0x392
                    0x0392                  _C1CFG1bits = 0x392
                    0x0394                  C1CFG2 = 0x394
                    0x0394                  _C1CFG2 = 0x394
                    0x0394                  _C1CFG2bits = 0x394
                    0x0396                  C1INTF = 0x396
                    0x0396                  _C1INTF = 0x396
                    0x0396                  _C1INTFbits = 0x396
                    0x0398                  C1INTE = 0x398
                    0x0398                  _C1INTE = 0x398
                    0x0398                  _C1INTEbits = 0x398
                    0x039a                  C1EC = 0x39a
                    0x039a                  _C1EC = 0x39a
                    0x039a                  _C1ECbits = 0x39a
                    0x039a                  C1RERRCNT = 0x39a
                    0x039a                  _C1RERRCNT = 0x39a
                    0x039b                  C1TERRCNT = 0x39b
                    0x039b                  _C1TERRCNT = 0x39b
                    0x0740                  RCON = 0x740
                    0x0740                  _RCON = 0x740
                    0x0740                  _RCONbits = 0x740
                    0x0742                  OSCCON = 0x742
                    0x0742                  _OSCCON = 0x742
                    0x0742                  _OSCCONbits = 0x742
                    0x0742                  OSCCONL = 0x742
                    0x0742                  _OSCCONL = 0x742
                    0x0743                  OSCCONH = 0x743
                    0x0743                  _OSCCONH = 0x743
                    0x0744                  OSCTUN = 0x744
                    0x0744                  _OSCTUN = 0x744
                    0x0744                  _OSCTUNbits = 0x744
                    0x0760                  NVMCON = 0x760
                    0x0760                  _NVMCON = 0x760
                    0x0760                  _NVMCONbits = 0x760
                    0x0762                  NVMADR = 0x762
                    0x0762                  _NVMADR = 0x762
                    0x0764                  NVMADRU = 0x764
                    0x0764                  _NVMADRU = 0x764
                    0x0764                  _NVMADRUbits = 0x764
                    0x0766                  NVMKEY = 0x766
                    0x0766                  _NVMKEY = 0x766
                    0x0770                  PMD1 = 0x770
                    0x0770                  _PMD1 = 0x770
                    0x0770                  _PMD1bits = 0x770
                    0x0772                  PMD2 = 0x772
                    0x0772                  _PMD2 = 0x772
                    0x0772                  _PMD2bits = 0x772
                    0x0022                  ACCA = 0x22
                    0x0022                  _ACCA = 0x22
                    0x0028                  ACCB = 0x28
                    0x0028                  _ACCB = 0x28
                    0x0300                  CAN1 = 0x300
                    0x0300                  _CAN1 = 0x300
                    0x0140                  IC1 = 0x140
                    0x0140                  _IC1 = 0x140
                    0x0144                  IC2 = 0x144
                    0x0144                  _IC2 = 0x144
                    0x0158                  IC7 = 0x158
                    0x0158                  _IC7 = 0x158
                    0x015c                  IC8 = 0x15c
                    0x015c                  _IC8 = 0x15c
                    0x0180                  OC1 = 0x180
                    0x0180                  _OC1 = 0x180
                    0x0186                  OC2 = 0x186
                    0x0186                  _OC2 = 0x186
                    0x018c                  OC3 = 0x18c
                    0x018c                  _OC3 = 0x18c
                    0x0192                  OC4 = 0x192
                    0x0192                  _OC4 = 0x192
                    0x0220                  SPI1 = 0x220
                    0x0220                  _SPI1 = 0x220
                    0x020c                  UART1 = 0x20c
                    0x020c                  _UART1 = 0x20c
                    0x0216                  UART2 = 0x216
                    0x0216                  _UART2 = 0x216
START GROUP
LOAD c:/program files (x86)/microchip/xc16/v1.21/bin/bin/../../lib\libfx-elf.a
LOAD c:/program files (x86)/microchip/xc16/v1.21/bin/bin/../../lib\libpic30-elf.a
LOAD c:/program files (x86)/microchip/xc16/v1.21/bin/bin/../../lib\libm-elf.a
LOAD c:/program files (x86)/microchip/xc16/v1.21/bin/bin/../../lib\libc-elf.a
END GROUP
OUTPUT(dist/default/production/Quadcopter.X.production.elf elf32-pic30)
LOAD FGS
LOAD default_isr
LOAD data_init

.debug_pubtypes
                  0x000108        0x52f
 .debug_pubtypes
                  0x000108        0x1e1 build/default/production/CB_Inicializaciones.o
 .debug_pubtypes
                  0x0002e9         0x6b build/default/production/CB_Timer1.o
 .debug_pubtypes
                  0x000354         0x12 build/default/production/CB_Timer2.o
 .debug_pubtypes
                  0x000366         0x6b build/default/production/CB_Timer3.o
 .debug_pubtypes
                  0x0003d1         0x2f build/default/production/CB_Timer5.o
 .debug_pubtypes
                  0x000400         0xad build/default/production/Pruebas.o
 .debug_pubtypes
                  0x0004ad         0x69 build/default/production/main.o
 .debug_pubtypes
                  0x000516         0x12 build/default/production/CA_funciones_control.o
 .debug_pubtypes
                  0x000528         0x12 build/default/production/CA_SetGetMPU6050.o
 .debug_pubtypes
                  0x00053a         0x4e build/default/production/CB_Bluetooth.o
 .debug_pubtypes
                  0x000588         0xaf build/default/production/CB_I2C.o

__c30_signature
                  0x000638        0x108
 __c30_signature
                  0x000638          0x6 build/default/production/CB_Inicializaciones.o
 __c30_signature
                  0x00063e          0x6 build/default/production/CB_Timer1.o
 __c30_signature
                  0x000644          0x6 build/default/production/CB_Timer2.o
 __c30_signature
                  0x00064a          0x6 build/default/production/CB_Timer3.o
 __c30_signature
                  0x000650          0x6 build/default/production/CB_Timer5.o
 __c30_signature
                  0x000656          0x6 build/default/production/Pruebas.o
 __c30_signature
                  0x00065c          0x6 build/default/production/main.o
 __c30_signature
                  0x000662          0x6 build/default/production/CA_funciones_control.o
 __c30_signature
                  0x000668          0x6 build/default/production/CA_SetGetMPU6050.o
 __c30_signature
                  0x00066e          0x6 build/default/production/CB_Bluetooth.o
 __c30_signature
                  0x000674          0x6 build/default/production/CB_I2C.o
 __c30_signature
                  0x00067a          0x6 c:/program files (x86)/microchip/xc16/v1.21/bin/bin/../../lib/dsPIC30F\libp30F4013-elf.a(IdleI2C.o)
 __c30_signature
                  0x000680          0x6 c:/program files (x86)/microchip/xc16/v1.21/bin/bin/../../lib/dsPIC30F\libp30F4013-elf.a(NotAckI2C.o)
 __c30_signature
                  0x000686          0x6 c:/program files (x86)/microchip/xc16/v1.21/bin/bin/../../lib/dsPIC30F\libp30F4013-elf.a(StartI2C.o)
 __c30_signature
                  0x00068c          0x6 c:/program files (x86)/microchip/xc16/v1.21/bin/bin/../../lib/dsPIC30F\libp30F4013-elf.a(StopI2C.o)
 __c30_signature
                  0x000692          0x6 c:/program files (x86)/microchip/xc16/v1.21/bin/bin/../../lib\libpic30-elf.a(crt0_standard.o)
 __c30_signature
                  0x000698          0x6 c:/program files (x86)/microchip/xc16/v1.21/bin/bin/../../lib\libpic30-elf.a(data_init_standard.o)
 __c30_signature
                  0x00069e          0x6 c:/program files (x86)/microchip/xc16/v1.21/bin/bin/../../lib\libm-elf.a(addsf3.eo)
 __c30_signature
                  0x0006a4          0x6 c:/program files (x86)/microchip/xc16/v1.21/bin/bin/../../lib\libm-elf.a(atan2f.eo)
 __c30_signature
                  0x0006aa          0x6 c:/program files (x86)/microchip/xc16/v1.21/bin/bin/../../lib\libm-elf.a(atanf.eo)
 __c30_signature
                  0x0006b0          0x6 c:/program files (x86)/microchip/xc16/v1.21/bin/bin/../../lib\libm-elf.a(divsf3.eo)
 __c30_signature
                  0x0006b6          0x6 c:/program files (x86)/microchip/xc16/v1.21/bin/bin/../../lib\libm-elf.a(divsi3.eo)
 __c30_signature
                  0x0006bc          0x6 c:/program files (x86)/microchip/xc16/v1.21/bin/bin/../../lib\libm-elf.a(errno.eo)
 __c30_signature
                  0x0006c2          0x6 c:/program files (x86)/microchip/xc16/v1.21/bin/bin/../../lib\libm-elf.a(feqltle.eo)
 __c30_signature
                  0x0006c8          0x6 c:/program files (x86)/microchip/xc16/v1.21/bin/bin/../../lib\libm-elf.a(fgtge.eo)
 __c30_signature
                  0x0006ce          0x6 c:/program files (x86)/microchip/xc16/v1.21/bin/bin/../../lib\libm-elf.a(fixsfsi.eo)
 __c30_signature
                  0x0006d4          0x6 c:/program files (x86)/microchip/xc16/v1.21/bin/bin/../../lib\libm-elf.a(fixunssfsi.eo)
 __c30_signature
                  0x0006da          0x6 c:/program files (x86)/microchip/xc16/v1.21/bin/bin/../../lib\libm-elf.a(floatsisf.eo)
 __c30_signature
                  0x0006e0          0x6 c:/program files (x86)/microchip/xc16/v1.21/bin/bin/../../lib\libm-elf.a(fpack.eo)
 __c30_signature
                  0x0006e6          0x6 c:/program files (x86)/microchip/xc16/v1.21/bin/bin/../../lib\libm-elf.a(funpack.eo)
 __c30_signature
                  0x0006ec          0x6 c:/program files (x86)/microchip/xc16/v1.21/bin/bin/../../lib\libm-elf.a(funpack2.eo)
 __c30_signature
                  0x0006f2          0x6 c:/program files (x86)/microchip/xc16/v1.21/bin/bin/../../lib\libm-elf.a(futil.eo)
 __c30_signature
                  0x0006f8          0x6 c:/program files (x86)/microchip/xc16/v1.21/bin/bin/../../lib\libm-elf.a(modsi3.eo)
 __c30_signature
                  0x0006fe          0x6 c:/program files (x86)/microchip/xc16/v1.21/bin/bin/../../lib\libm-elf.a(mulsf3.eo)
 __c30_signature
                  0x000704          0x6 c:/program files (x86)/microchip/xc16/v1.21/bin/bin/../../lib\libm-elf.a(udivsi3.eo)
 __c30_signature
                  0x00070a          0x6 c:/program files (x86)/microchip/xc16/v1.21/bin/bin/../../lib\libm-elf.a(umodsi3.eo)
 __c30_signature
                  0x000710          0x6 c:/program files (x86)/microchip/xc16/v1.21/bin/bin/../../lib\libm-elf.a(fcompare.eo)
 __c30_signature
                  0x000716          0x6 c:/program files (x86)/microchip/xc16/v1.21/bin/bin/../../lib\libm-elf.a(floatdisf.eo)
 __c30_signature
                  0x00071c          0x6 c:/program files (x86)/microchip/xc16/v1.21/bin/bin/../../lib\libm-elf.a(floatundisf.eo)
 __c30_signature
                  0x000722          0x6 c:/program files (x86)/microchip/xc16/v1.21/bin/bin/../../lib\libc-elf.a(atoi.eo)
 __c30_signature
                  0x000728          0x6 c:/program files (x86)/microchip/xc16/v1.21/bin/bin/../../lib\libc-elf.a(itoa.eo)
 __c30_signature
                  0x00072e          0x6 c:/program files (x86)/microchip/xc16/v1.21/bin/bin/../../lib\libc-elf.a(memcpy.eo)
 __c30_signature
                  0x000734          0x6 c:/program files (x86)/microchip/xc16/v1.21/bin/bin/../../lib\libc-elf.a(strcpy.eo)
 __c30_signature
                  0x00073a          0x6 c:/program files (x86)/microchip/xc16/v1.21/bin/bin/../../lib\libc-elf.a(strlen.eo)

.nbss               0x0800         0x80
 .nbss              0x0800         0x80 build/default/production/main.o
                    0x0800                  _P
                    0x0810                  _K
                    0x0818                  _LSD
                    0x0830                  _str_blue
                    0x0858                  _str_aux

.ndata              0x0880         0x3a
 .ndata             0x0880         0x3a build/default/production/main.o
                    0x0880                  _chanel1
                    0x0882                  _chanel2
                    0x0884                  _chanel3
                    0x0886                  _chanel4
                    0x0888                  _chanel5
                    0x088a                  _KP
                    0x088c                  _KD
                    0x088e                  _KI
                    0x0890                  _BIAS1
                    0x0892                  _BIAS2
                    0x0894                  _Tmuestreo
                    0x0896                  _Q_angle
                    0x089a                  _Q_bias
                    0x089e                  _R_measure
                    0x08a2                  _angle
                    0x08a6                  _bias
                    0x08aa                  _rate
                    0x08ae                  _y
                    0x08b2                  _S
                    0x08b6                  _x_angle2C

.nbss               0x08ba         0x4c
 .nbss              0x08ba         0x34 build/default/production/CB_Bluetooth.o
                    0x08ba                  _DatoRecibido
                    0x08ec                  _IndiceBluetooth
 .nbss              0x08ee         0x18 build/default/production/CA_funciones_control.o
                    0x08ee                  _lastTime
                    0x08f2                  _Input
                    0x08f6                  _Output
                    0x08fa                  _Setpoint
                    0x08fe                  _ITerm
                    0x0902                  _lastInput

.ndata              0x0906          0x2
 .ndata             0x0906          0x2 build/default/production/CA_funciones_control.o
                    0x0906                  _errorAnt

.nbss               0x0908          0x2
 .nbss              0x0908          0x2 c:/program files (x86)/microchip/xc16/v1.21/bin/bin/../../lib\libm-elf.a(errno.eo)
                    0x0908                  _errno

.const              0x876e        0x196 load address 0x00076e  
 .const             0x876e         0xb8 build/default/production/Pruebas.o
 .const             0x8826         0x8a build/default/production/CB_I2C.o
 .const             0x88b0         0x3c build/default/production/CB_Bluetooth.o
 .const             0x88ec         0x18 build/default/production/main.o

.text             0x000904       0x19a0
 .text            0x000904        0x68a build/default/production/Pruebas.o
                  0x000904                  _Prueba2_PWM
                  0x00091a                  _PWM_prueba
                  0x0009a4                  _Prueba_PWM_
                  0x0009d0                  _Prueba_Bluetooth_2
                  0x0009ee                  _Prueba_Bluetooth
                  0x000ad4                  _Prueba_I2C
                  0x000b46                  _my_ftoa
                  0x000d4a                  _my_itoa
                  0x000dd8                  _reverse
                  0x000e24                  _prueba_who_i_am
                  0x000e8c                  _acelerometro
                  0x000efa                  _acelerometro_plot
                  0x000f4c                  _prueba_envio
                  0x000f68                  _prueba_pwm
 .text            0x000f8e        0x68a build/default/production/CA_funciones_control.o
                  0x000f8e                  _Pid_Posicion
                  0x000fbc                  _PID
                  0x001128                  _getAngle_init
                  0x001146                  _getAngle
                  0x001356                  _Complementary2
                  0x001432                  _get_calibrado_acelerometro
 .text            0x001618        0x382 build/default/production/CB_Bluetooth.o
                  0x001618                  _EnviarCR
                  0x00163e                  _enviar_datos_NOCR
                  0x001674                  _enviar_datos
                  0x001686                  _enviar_Udatos_NOCR
                  0x0016bc                  _enviar_Udatos
                  0x0016ce                  _EnviarSensores
                  0x001718                  _enviar_valor
                  0x001742                  _enviar_valor_NOCR
                  0x00176c                  _enviar_mensaje
                  0x001780                  _enviar_mensaje_NOCR
                  0x001794                  __U2RXInterrupt
                  0x001802                  _ProcesarCadenaPid
                  0x001936                  _enviar_datos_int_NOCR
 .text            0x00199a        0x30a build/default/production/CB_Inicializaciones.o
                  0x00199a                  _Init_Hw
                  0x001a08                  _Init_I2C
                  0x001a5a                  _Init_PWM
                  0x001b2c                  _Init_Bluetooh
                  0x001b74                  _LED_ALL_ON
                  0x001b7e                  _LED_ALL_OFF
                  0x001b88                  _clockSwitch
                  0x001c82                  _Init_Pll
 .text            0x001ca4        0x23c build/default/production/CB_I2C.o
                  0x001ca4                  _my_Write_I2C
                  0x001cbc                  _InitTimer5
                  0x001cd6                  _my_StartI2C
                  0x001d0a                  _my_RestartI2C
                  0x001d3e                  _my_StopI2C
                  0x001d72                  _my_WriteI2C
                  0x001dac                  _my_IdleI2C
                  0x001de0                  _my_ACKStatus
                  0x001dee                  _my_NotAckI2C
                  0x001e08                  _my_AckI2C
                  0x001e20                  _my_getI2C
                  0x001e36                  _my_masterreceiveI2C
                  0x001e50                  _my_getsI2C
                  0x001e96                  _ReadAddress
                  0x001ec0                  _WriteAddress
 .text            0x001ee0        0x222 build/default/production/CA_SetGetMPU6050.o
                  0x001ee0                  _set_inicial
                  0x001f04                  _get_ax
                  0x001f2a                  _get_ay
                  0x001f50                  _get_az
                  0x001f76                  _get_gx
                  0x001f9c                  _get_gy
                  0x001fc2                  _get_gz
                  0x001fe8                  _get_temp